{'dataset_params': {'im_path': 'placeholder', 'im_channels': 1, 'im_size': 116, 'name': 'ICDFC'}, 'diffusion_params': {'num_timesteps': 100, 'beta_start': 0.00085, 'beta_end': 0.012}, 'ldm_params': {'down_channels': [128, 256, 384, 512], 'mid_channels': [512, 384], 'down_sample': [True, True, True], 'attn_down': [True, True, True], 'time_emb_dim': 512, 'norm_channels': 32, 'num_heads': 8, 'conv_out_channels': 128, 'num_down_layers': 1, 'num_mid_layers': 2, 'num_up_layers': 1, 'condition_config': {'condition_types': ['text', 'image'], 'text_condition_config': {'text_embed_model': 'clip', 'train_text_embed_model': False, 'text_embed_dim': 512, 'cond_drop_prob': 0.1}, 'image_condition_config': {'image_condition_input_channels': 1, 'image_condition_output_channels': 1, 'image_condition_h': 120, 'image_condition_w': 120, 'cond_drop_prob': 0.1}}}, 'autoencoder_params': {'z_channels': 1, 'codebook_size': 8192, 'down_channels': [64, 128, 256, 256], 'mid_channels': [256, 256], 'down_sample': [True, True, True], 'attn_down': [False, False, False], 'norm_channels': 32, 'num_heads': 4, 'num_down_layers': 2, 'num_mid_layers': 2, 'num_up_layers': 2}, 'train_params': {'seed': 142857, 'task_name': 'icd2fc', 'ldm_batch_size': 1, 'autoencoder_batch_size': 64, 'disc_start': 15000, 'disc_weight': 0, 'codebook_weight': 1, 'commitment_beta': 0.2, 'perceptual_weight': 1, 'kl_weight': 5e-06, 'ldm_epochs': 100, 'autoencoder_epochs': 200, 'num_samples': 1, 'num_grid_rows': 1, 'ldm_lr': 5e-06, 'autoencoder_lr': 1e-05, 'autoencoder_acc_steps': 4, 'autoencoder_img_save_steps': 64, 'save_latents': False, 'cf_guidance_scale': 1.0, 'vae_latent_dir_name': 'vae_latents', 'vqvae_latent_dir_name': 'vqvae_latents', 'ldm_ckpt_name': 'ddpm_ckpt_text_image_cond_clip.pth', 'vqvae_autoencoder_ckpt_name': 'vqvae_autoencoder_ckpt.pth', 'vae_autoencoder_ckpt_name': 'vae_autoencoder_ckpt.pth', 'vqvae_discriminator_ckpt_name': 'vqvae_discriminator_ckpt.pth', 'vae_discriminator_ckpt_name': 'vae_discriminator_ckpt.pth'}}
Initializing SPD_VQVAE for matrix size 116...
['hariri', 'rest']
prepare data list: 100%|████████████████████████████████████████████████████████████████████████████████████████████████████████████████████████████████████| 19930/19930 [00:19<00:00, 1038.58it/s]
Finished epoch: 1 | Recon Loss : 0.2287 | Codebook : 0.7460 | G Loss : 0.0000 | D Loss 0.0000
Finished epoch: 2 | Recon Loss : 0.1903 | Codebook : 0.6627 | G Loss : 0.0000 | D Loss 0.0000
Finished epoch: 3 | Recon Loss : 0.1849 | Codebook : 0.6137 | G Loss : 0.0000 | D Loss 0.0000
Finished epoch: 4 | Recon Loss : 0.1836 | Codebook : 0.6055 | G Loss : 0.0000 | D Loss 0.0000
Finished epoch: 5 | Recon Loss : 0.1828 | Codebook : 0.5916 | G Loss : 0.0000 | D Loss 0.0000
Finished epoch: 6 | Recon Loss : 0.1822 | Codebook : 0.5762 | G Loss : 0.0000 | D Loss 0.0000
Finished epoch: 7 | Recon Loss : 0.1817 | Codebook : 0.5518 | G Loss : 0.0000 | D Loss 0.0000
Finished epoch: 8 | Recon Loss : 0.1814 | Codebook : 0.5312 | G Loss : 0.0000 | D Loss 0.0000
Finished epoch: 9 | Recon Loss : 0.1811 | Codebook : 0.5116 | G Loss : 0.0000 | D Loss 0.0000
Finished epoch: 10 | Recon Loss : 0.1809 | Codebook : 0.5003 | G Loss : 0.0000 | D Loss 0.0000
Finished epoch: 11 | Recon Loss : 0.1807 | Codebook : 0.4868 | G Loss : 0.0000 | D Loss 0.0000
Finished epoch: 12 | Recon Loss : 0.1806 | Codebook : 0.4761 | G Loss : 0.0000 | D Loss 0.0000
Finished epoch: 13 | Recon Loss : 0.1805 | Codebook : 0.4652 | G Loss : 0.0000 | D Loss 0.0000
Finished epoch: 14 | Recon Loss : 0.1804 | Codebook : 0.4584 | G Loss : 0.0000 | D Loss 0.0000
Finished epoch: 15 | Recon Loss : 0.1803 | Codebook : 0.4529 | G Loss : 0.0000 | D Loss 0.0000
Finished epoch: 16 | Recon Loss : 0.1802 | Codebook : 0.4489 | G Loss : 0.0000 | D Loss 0.0000
Finished epoch: 17 | Recon Loss : 0.1802 | Codebook : 0.4479 | G Loss : 0.0000 | D Loss 0.0000
Finished epoch: 18 | Recon Loss : 0.1802 | Codebook : 0.4459 | G Loss : 0.0000 | D Loss 0.0000
Finished epoch: 19 | Recon Loss : 0.1801 | Codebook : 0.4443 | G Loss : 0.0000 | D Loss 0.0000
Finished epoch: 20 | Recon Loss : 0.1800 | Codebook : 0.4486 | G Loss : 0.0000 | D Loss 0.0000
Finished epoch: 21 | Recon Loss : 0.1800 | Codebook : 0.4505 | G Loss : 0.0000 | D Loss 0.0000
Finished epoch: 22 | Recon Loss : 0.1799 | Codebook : 0.4555 | G Loss : 0.0000 | D Loss 0.0000
Finished epoch: 23 | Recon Loss : 0.1799 | Codebook : 0.4566 | G Loss : 0.0000 | D Loss 0.0000
Finished epoch: 24 | Recon Loss : 0.1798 | Codebook : 0.4583 | G Loss : 0.0000 | D Loss 0.0000
Finished epoch: 25 | Recon Loss : 0.1798 | Codebook : 0.4594 | G Loss : 0.0000 | D Loss 0.0000
Finished epoch: 26 | Recon Loss : 0.1797 | Codebook : 0.4569 | G Loss : 0.0000 | D Loss 0.0000
Finished epoch: 27 | Recon Loss : 0.1797 | Codebook : 0.4571 | G Loss : 0.0000 | D Loss 0.0000
Finished epoch: 28 | Recon Loss : 0.1797 | Codebook : 0.4553 | G Loss : 0.0000 | D Loss 0.0000
Finished epoch: 29 | Recon Loss : 0.1797 | Codebook : 0.4525 | G Loss : 0.0000 | D Loss 0.0000
Finished epoch: 30 | Recon Loss : 0.1797 | Codebook : 0.4560 | G Loss : 0.0000 | D Loss 0.0000
Finished epoch: 31 | Recon Loss : 0.1797 | Codebook : 0.4591 | G Loss : 0.0000 | D Loss 0.0000
Finished epoch: 32 | Recon Loss : 0.1797 | Codebook : 0.4610 | G Loss : 0.0000 | D Loss 0.0000
Finished epoch: 33 | Recon Loss : 0.1797 | Codebook : 0.4660 | G Loss : 0.0000 | D Loss 0.0000
Finished epoch: 34 | Recon Loss : 0.1797 | Codebook : 0.4648 | G Loss : 0.0000 | D Loss 0.0000
Finished epoch: 35 | Recon Loss : 0.1797 | Codebook : 0.4665 | G Loss : 0.0000 | D Loss 0.0000
Finished epoch: 36 | Recon Loss : 0.1797 | Codebook : 0.4760 | G Loss : 0.0000 | D Loss 0.0000
Finished epoch: 37 | Recon Loss : 0.1797 | Codebook : 0.4732 | G Loss : 0.0000 | D Loss 0.0000
Finished epoch: 38 | Recon Loss : 0.1797 | Codebook : 0.4717 | G Loss : 0.0000 | D Loss 0.0000
Finished epoch: 39 | Recon Loss : 0.1797 | Codebook : 0.4654 | G Loss : 0.0000 | D Loss 0.0000
Finished epoch: 40 | Recon Loss : 0.1797 | Codebook : 0.4553 | G Loss : 0.0000 | D Loss 0.0000
Finished epoch: 41 | Recon Loss : 0.1797 | Codebook : 0.4556 | G Loss : 0.0000 | D Loss 0.0000
Finished epoch: 42 | Recon Loss : 0.1796 | Codebook : 0.4568 | G Loss : 0.0000 | D Loss 0.0000
Finished epoch: 43 | Recon Loss : 0.1796 | Codebook : 0.4593 | G Loss : 0.0000 | D Loss 0.0000
Finished epoch: 44 | Recon Loss : 0.1796 | Codebook : 0.4478 | G Loss : 0.0000 | D Loss 0.0000
Finished epoch: 45 | Recon Loss : 0.1796 | Codebook : 0.4593 | G Loss : 0.0000 | D Loss 0.0000
Finished epoch: 46 | Recon Loss : 0.1796 | Codebook : 0.4689 | G Loss : 0.0000 | D Loss 0.0000
Finished epoch: 47 | Recon Loss : 0.1796 | Codebook : 0.4601 | G Loss : 0.0000 | D Loss 0.0000
Finished epoch: 48 | Recon Loss : 0.1796 | Codebook : 0.4490 | G Loss : 0.0000 | D Loss 0.0000
Finished epoch: 49 | Recon Loss : 0.1796 | Codebook : 0.4496 | G Loss : 0.0000 | D Loss 0.0000
Finished epoch: 50 | Recon Loss : 0.1796 | Codebook : 0.4564 | G Loss : 0.0000 | D Loss 0.0000
Finished epoch: 51 | Recon Loss : 0.1796 | Codebook : 0.4536 | G Loss : 0.0000 | D Loss 0.0000
Finished epoch: 52 | Recon Loss : 0.1796 | Codebook : 0.4617 | G Loss : 0.0000 | D Loss 0.0000
Finished epoch: 53 | Recon Loss : 0.1796 | Codebook : 0.4669 | G Loss : 0.0000 | D Loss 0.0000
Finished epoch: 54 | Recon Loss : 0.1795 | Codebook : 0.4594 | G Loss : 0.0000 | D Loss 0.0000
Finished epoch: 55 | Recon Loss : 0.1796 | Codebook : 0.4514 | G Loss : 0.0000 | D Loss 0.0000
Finished epoch: 56 | Recon Loss : 0.1795 | Codebook : 0.4382 | G Loss : 0.0000 | D Loss 0.0000
Finished epoch: 57 | Recon Loss : 0.1795 | Codebook : 0.4235 | G Loss : 0.0000 | D Loss 0.0000
Finished epoch: 58 | Recon Loss : 0.1795 | Codebook : 0.4221 | G Loss : 0.0000 | D Loss 0.0000
Finished epoch: 59 | Recon Loss : 0.1795 | Codebook : 0.4139 | G Loss : 0.0000 | D Loss 0.0000
Finished epoch: 60 | Recon Loss : 0.1795 | Codebook : 0.4138 | G Loss : 0.0000 | D Loss 0.0000
Finished epoch: 61 | Recon Loss : 0.1795 | Codebook : 0.4228 | G Loss : 0.0000 | D Loss 0.0000
Finished epoch: 62 | Recon Loss : 0.1795 | Codebook : 0.4161 | G Loss : 0.0000 | D Loss 0.0000
Finished epoch: 63 | Recon Loss : 0.1795 | Codebook : 0.4103 | G Loss : 0.0000 | D Loss 0.0000
Finished epoch: 64 | Recon Loss : 0.1795 | Codebook : 0.4110 | G Loss : 0.0000 | D Loss 0.0000
Finished epoch: 65 | Recon Loss : 0.1795 | Codebook : 0.4051 | G Loss : 0.0000 | D Loss 0.0000
Finished epoch: 66 | Recon Loss : 0.1795 | Codebook : 0.3980 | G Loss : 0.0000 | D Loss 0.0000
Finished epoch: 67 | Recon Loss : 0.1795 | Codebook : 0.3999 | G Loss : 0.0000 | D Loss 0.0000
Finished epoch: 68 | Recon Loss : 0.1795 | Codebook : 0.3968 | G Loss : 0.0000 | D Loss 0.0000
Finished epoch: 69 | Recon Loss : 0.1795 | Codebook : 0.3925 | G Loss : 0.0000 | D Loss 0.0000
Finished epoch: 70 | Recon Loss : 0.1795 | Codebook : 0.3874 | G Loss : 0.0000 | D Loss 0.0000
Finished epoch: 71 | Recon Loss : 0.1795 | Codebook : 0.3914 | G Loss : 0.0000 | D Loss 0.0000
Finished epoch: 72 | Recon Loss : 0.1795 | Codebook : 0.3976 | G Loss : 0.0000 | D Loss 0.0000
Finished epoch: 73 | Recon Loss : 0.1795 | Codebook : 0.3954 | G Loss : 0.0000 | D Loss 0.0000
Finished epoch: 74 | Recon Loss : 0.1795 | Codebook : 0.3866 | G Loss : 0.0000 | D Loss 0.0000
Finished epoch: 75 | Recon Loss : 0.1794 | Codebook : 0.3753 | G Loss : 0.0000 | D Loss 0.0000
Finished epoch: 76 | Recon Loss : 0.1795 | Codebook : 0.3631 | G Loss : 0.0000 | D Loss 0.0000
Finished epoch: 77 | Recon Loss : 0.1794 | Codebook : 0.3680 | G Loss : 0.0000 | D Loss 0.0000
Finished epoch: 78 | Recon Loss : 0.1794 | Codebook : 0.3642 | G Loss : 0.0000 | D Loss 0.0000
Finished epoch: 79 | Recon Loss : 0.1794 | Codebook : 0.3607 | G Loss : 0.0000 | D Loss 0.0000
Finished epoch: 80 | Recon Loss : 0.1794 | Codebook : 0.3581 | G Loss : 0.0000 | D Loss 0.0000
Finished epoch: 81 | Recon Loss : 0.1794 | Codebook : 0.3595 | G Loss : 0.0000 | D Loss 0.0000
Finished epoch: 82 | Recon Loss : 0.1794 | Codebook : 0.3540 | G Loss : 0.0000 | D Loss 0.0000
Finished epoch: 83 | Recon Loss : 0.1794 | Codebook : 0.3461 | G Loss : 0.0000 | D Loss 0.0000
Finished epoch: 84 | Recon Loss : 0.1794 | Codebook : 0.3423 | G Loss : 0.0000 | D Loss 0.0000
Finished epoch: 85 | Recon Loss : 0.1794 | Codebook : 0.3381 | G Loss : 0.0000 | D Loss 0.0000
Finished epoch: 86 | Recon Loss : 0.1794 | Codebook : 0.3366 | G Loss : 0.0000 | D Loss 0.0000
Finished epoch: 87 | Recon Loss : 0.1794 | Codebook : 0.3278 | G Loss : 0.0000 | D Loss 0.0000
Finished epoch: 88 | Recon Loss : 0.1794 | Codebook : 0.3298 | G Loss : 0.0000 | D Loss 0.0000
Finished epoch: 89 | Recon Loss : 0.1794 | Codebook : 0.3320 | G Loss : 0.0000 | D Loss 0.0000
Finished epoch: 90 | Recon Loss : 0.1794 | Codebook : 0.3262 | G Loss : 0.0000 | D Loss 0.0000
Finished epoch: 91 | Recon Loss : 0.1794 | Codebook : 0.3242 | G Loss : 0.0000 | D Loss 0.0000
Finished epoch: 92 | Recon Loss : 0.1793 | Codebook : 0.3159 | G Loss : 0.0000 | D Loss 0.0000
Finished epoch: 93 | Recon Loss : 0.1793 | Codebook : 0.3147 | G Loss : 0.0000 | D Loss 0.0000
Finished epoch: 94 | Recon Loss : 0.1793 | Codebook : 0.3168 | G Loss : 0.0000 | D Loss 0.0000
Finished epoch: 95 | Recon Loss : 0.1793 | Codebook : 0.2931 | G Loss : 0.0000 | D Loss 0.0000
Finished epoch: 96 | Recon Loss : 0.1793 | Codebook : 0.2805 | G Loss : 0.0000 | D Loss 0.0000
Finished epoch: 97 | Recon Loss : 0.1793 | Codebook : 0.2693 | G Loss : 0.0000 | D Loss 0.0000
Finished epoch: 98 | Recon Loss : 0.1792 | Codebook : 0.2573 | G Loss : 0.0000 | D Loss 0.0000
Finished epoch: 99 | Recon Loss : 0.1792 | Codebook : 0.2467 | G Loss : 0.0000 | D Loss 0.0000
Finished epoch: 100 | Recon Loss : 0.1791 | Codebook : 0.2343 | G Loss : 0.0000 | D Loss 0.0000
Finished epoch: 101 | Recon Loss : 0.1789 | Codebook : 0.2227 | G Loss : 0.0000 | D Loss 0.0000
Finished epoch: 102 | Recon Loss : 0.1788 | Codebook : 0.2108 | G Loss : 0.0000 | D Loss 0.0000
Finished epoch: 103 | Recon Loss : 0.1787 | Codebook : 0.2007 | G Loss : 0.0000 | D Loss 0.0000
Finished epoch: 104 | Recon Loss : 0.1786 | Codebook : 0.1902 | G Loss : 0.0000 | D Loss 0.0000
Finished epoch: 105 | Recon Loss : 0.1785 | Codebook : 0.1832 | G Loss : 0.0000 | D Loss 0.0000
Finished epoch: 106 | Recon Loss : 0.1785 | Codebook : 0.1767 | G Loss : 0.0000 | D Loss 0.0000
Finished epoch: 107 | Recon Loss : 0.1784 | Codebook : 0.1703 | G Loss : 0.0000 | D Loss 0.0000
Finished epoch: 108 | Recon Loss : 0.1784 | Codebook : 0.1656 | G Loss : 0.0000 | D Loss 0.0000
Finished epoch: 109 | Recon Loss : 0.1783 | Codebook : 0.1606 | G Loss : 0.0000 | D Loss 0.0000
Finished epoch: 110 | Recon Loss : 0.1783 | Codebook : 0.1573 | G Loss : 0.0000 | D Loss 0.0000
Finished epoch: 111 | Recon Loss : 0.1783 | Codebook : 0.1553 | G Loss : 0.0000 | D Loss 0.0000
Finished epoch: 112 | Recon Loss : 0.1783 | Codebook : 0.1511 | G Loss : 0.0000 | D Loss 0.0000
Finished epoch: 113 | Recon Loss : 0.1782 | Codebook : 0.1499 | G Loss : 0.0000 | D Loss 0.0000
Finished epoch: 114 | Recon Loss : 0.1782 | Codebook : 0.1466 | G Loss : 0.0000 | D Loss 0.0000
Finished epoch: 115 | Recon Loss : 0.1782 | Codebook : 0.1436 | G Loss : 0.0000 | D Loss 0.0000
Finished epoch: 116 | Recon Loss : 0.1782 | Codebook : 0.1422 | G Loss : 0.0000 | D Loss 0.0000
Finished epoch: 117 | Recon Loss : 0.1782 | Codebook : 0.1396 | G Loss : 0.0000 | D Loss 0.0000
Finished epoch: 118 | Recon Loss : 0.1782 | Codebook : 0.1389 | G Loss : 0.0000 | D Loss 0.0000
Finished epoch: 119 | Recon Loss : 0.1781 | Codebook : 0.1385 | G Loss : 0.0000 | D Loss 0.0000
Finished epoch: 120 | Recon Loss : 0.1781 | Codebook : 0.1384 | G Loss : 0.0000 | D Loss 0.0000
Finished epoch: 121 | Recon Loss : 0.1781 | Codebook : 0.1379 | G Loss : 0.0000 | D Loss 0.0000
Finished epoch: 122 | Recon Loss : 0.1781 | Codebook : 0.1368 | G Loss : 0.0000 | D Loss 0.0000
Finished epoch: 123 | Recon Loss : 0.1781 | Codebook : 0.1353 | G Loss : 0.0000 | D Loss 0.0000
Finished epoch: 124 | Recon Loss : 0.1781 | Codebook : 0.1340 | G Loss : 0.0000 | D Loss 0.0000
Finished epoch: 125 | Recon Loss : 0.1781 | Codebook : 0.1336 | G Loss : 0.0000 | D Loss 0.0000
Finished epoch: 126 | Recon Loss : 0.1781 | Codebook : 0.1315 | G Loss : 0.0000 | D Loss 0.0000
Finished epoch: 127 | Recon Loss : 0.1781 | Codebook : 0.1305 | G Loss : 0.0000 | D Loss 0.0000
Finished epoch: 128 | Recon Loss : 0.1781 | Codebook : 0.1294 | G Loss : 0.0000 | D Loss 0.0000
Finished epoch: 129 | Recon Loss : 0.1780 | Codebook : 0.1276 | G Loss : 0.0000 | D Loss 0.0000
Finished epoch: 130 | Recon Loss : 0.1780 | Codebook : 0.1272 | G Loss : 0.0000 | D Loss 0.0000
Finished epoch: 131 | Recon Loss : 0.1780 | Codebook : 0.1263 | G Loss : 0.0000 | D Loss 0.0000
Finished epoch: 132 | Recon Loss : 0.1780 | Codebook : 0.1236 | G Loss : 0.0000 | D Loss 0.0000
Finished epoch: 133 | Recon Loss : 0.1780 | Codebook : 0.1209 | G Loss : 0.0000 | D Loss 0.0000
Finished epoch: 134 | Recon Loss : 0.1780 | Codebook : 0.1196 | G Loss : 0.0000 | D Loss 0.0000
Finished epoch: 135 | Recon Loss : 0.1780 | Codebook : 0.1189 | G Loss : 0.0000 | D Loss 0.0000
Finished epoch: 136 | Recon Loss : 0.1779 | Codebook : 0.1187 | G Loss : 0.0000 | D Loss 0.0000
Finished epoch: 137 | Recon Loss : 0.1779 | Codebook : 0.1167 | G Loss : 0.0000 | D Loss 0.0000
Finished epoch: 138 | Recon Loss : 0.1779 | Codebook : 0.1145 | G Loss : 0.0000 | D Loss 0.0000
Finished epoch: 139 | Recon Loss : 0.1778 | Codebook : 0.1120 | G Loss : 0.0000 | D Loss 0.0000
Finished epoch: 140 | Recon Loss : 0.1778 | Codebook : 0.1087 | G Loss : 0.0000 | D Loss 0.0000
Finished epoch: 141 | Recon Loss : 0.1778 | Codebook : 0.1068 | G Loss : 0.0000 | D Loss 0.0000
Finished epoch: 142 | Recon Loss : 0.1777 | Codebook : 0.1040 | G Loss : 0.0000 | D Loss 0.0000
Finished epoch: 143 | Recon Loss : 0.1777 | Codebook : 0.1014 | G Loss : 0.0000 | D Loss 0.0000
Finished epoch: 144 | Recon Loss : 0.1777 | Codebook : 0.1008 | G Loss : 0.0000 | D Loss 0.0000
Finished epoch: 145 | Recon Loss : 0.1777 | Codebook : 0.0990 | G Loss : 0.0000 | D Loss 0.0000
Finished epoch: 146 | Recon Loss : 0.1776 | Codebook : 0.0964 | G Loss : 0.0000 | D Loss 0.0000
Finished epoch: 147 | Recon Loss : 0.1776 | Codebook : 0.0951 | G Loss : 0.0000 | D Loss 0.0000
Finished epoch: 148 | Recon Loss : 0.1776 | Codebook : 0.0943 | G Loss : 0.0000 | D Loss 0.0000
Finished epoch: 149 | Recon Loss : 0.1776 | Codebook : 0.0915 | G Loss : 0.0000 | D Loss 0.0000
Finished epoch: 150 | Recon Loss : 0.1776 | Codebook : 0.0901 | G Loss : 0.0000 | D Loss 0.0000
Finished epoch: 151 | Recon Loss : 0.1775 | Codebook : 0.0880 | G Loss : 0.0000 | D Loss 0.0000
Finished epoch: 152 | Recon Loss : 0.1775 | Codebook : 0.0855 | G Loss : 0.0000 | D Loss 0.0000
Finished epoch: 153 | Recon Loss : 0.1775 | Codebook : 0.0845 | G Loss : 0.0000 | D Loss 0.0000
Finished epoch: 154 | Recon Loss : 0.1775 | Codebook : 0.0836 | G Loss : 0.0000 | D Loss 0.0000
Finished epoch: 155 | Recon Loss : 0.1774 | Codebook : 0.0817 | G Loss : 0.0000 | D Loss 0.0000
Finished epoch: 156 | Recon Loss : 0.1774 | Codebook : 0.0801 | G Loss : 0.0000 | D Loss 0.0000
Finished epoch: 157 | Recon Loss : 0.1774 | Codebook : 0.0781 | G Loss : 0.0000 | D Loss 0.0000
Finished epoch: 158 | Recon Loss : 0.1774 | Codebook : 0.0774 | G Loss : 0.0000 | D Loss 0.0000
Finished epoch: 159 | Recon Loss : 0.1773 | Codebook : 0.0763 | G Loss : 0.0000 | D Loss 0.0000
Finished epoch: 160 | Recon Loss : 0.1773 | Codebook : 0.0743 | G Loss : 0.0000 | D Loss 0.0000
Finished epoch: 161 | Recon Loss : 0.1773 | Codebook : 0.0732 | G Loss : 0.0000 | D Loss 0.0000
Finished epoch: 162 | Recon Loss : 0.1772 | Codebook : 0.0713 | G Loss : 0.0000 | D Loss 0.0000
Finished epoch: 163 | Recon Loss : 0.1772 | Codebook : 0.0707 | G Loss : 0.0000 | D Loss 0.0000
Finished epoch: 164 | Recon Loss : 0.1772 | Codebook : 0.0702 | G Loss : 0.0000 | D Loss 0.0000
Finished epoch: 165 | Recon Loss : 0.1772 | Codebook : 0.0696 | G Loss : 0.0000 | D Loss 0.0000
Finished epoch: 166 | Recon Loss : 0.1772 | Codebook : 0.0701 | G Loss : 0.0000 | D Loss 0.0000
Finished epoch: 167 | Recon Loss : 0.1771 | Codebook : 0.0701 | G Loss : 0.0000 | D Loss 0.0000
Finished epoch: 168 | Recon Loss : 0.1771 | Codebook : 0.0701 | G Loss : 0.0000 | D Loss 0.0000
Finished epoch: 169 | Recon Loss : 0.1771 | Codebook : 0.0716 | G Loss : 0.0000 | D Loss 0.0000
Finished epoch: 170 | Recon Loss : 0.1770 | Codebook : 0.0730 | G Loss : 0.0000 | D Loss 0.0000
Finished epoch: 171 | Recon Loss : 0.1770 | Codebook : 0.0747 | G Loss : 0.0000 | D Loss 0.0000
Finished epoch: 172 | Recon Loss : 0.1769 | Codebook : 0.0795 | G Loss : 0.0000 | D Loss 0.0000
Finished epoch: 173 | Recon Loss : 0.1767 | Codebook : 0.0843 | G Loss : 0.0000 | D Loss 0.0000
Finished epoch: 174 | Recon Loss : 0.1766 | Codebook : 0.0882 | G Loss : 0.0000 | D Loss 0.0000
Finished epoch: 175 | Recon Loss : 0.1765 | Codebook : 0.0915 | G Loss : 0.0000 | D Loss 0.0000
Finished epoch: 176 | Recon Loss : 0.1765 | Codebook : 0.0924 | G Loss : 0.0000 | D Loss 0.0000
Finished epoch: 177 | Recon Loss : 0.1764 | Codebook : 0.0941 | G Loss : 0.0000 | D Loss 0.0000
Finished epoch: 178 | Recon Loss : 0.1764 | Codebook : 0.0958 | G Loss : 0.0000 | D Loss 0.0000
Finished epoch: 179 | Recon Loss : 0.1764 | Codebook : 0.0971 | G Loss : 0.0000 | D Loss 0.0000
Finished epoch: 180 | Recon Loss : 0.1764 | Codebook : 0.0988 | G Loss : 0.0000 | D Loss 0.0000
Finished epoch: 181 | Recon Loss : 0.1763 | Codebook : 0.1004 | G Loss : 0.0000 | D Loss 0.0000
Finished epoch: 182 | Recon Loss : 0.1763 | Codebook : 0.1013 | G Loss : 0.0000 | D Loss 0.0000
Finished epoch: 183 | Recon Loss : 0.1763 | Codebook : 0.1032 | G Loss : 0.0000 | D Loss 0.0000
Finished epoch: 184 | Recon Loss : 0.1762 | Codebook : 0.1047 | G Loss : 0.0000 | D Loss 0.0000
Finished epoch: 185 | Recon Loss : 0.1762 | Codebook : 0.1063 | G Loss : 0.0000 | D Loss 0.0000
Finished epoch: 186 | Recon Loss : 0.1762 | Codebook : 0.1069 | G Loss : 0.0000 | D Loss 0.0000
Finished epoch: 187 | Recon Loss : 0.1762 | Codebook : 0.1071 | G Loss : 0.0000 | D Loss 0.0000
Finished epoch: 188 | Recon Loss : 0.1762 | Codebook : 0.1092 | G Loss : 0.0000 | D Loss 0.0000
Finished epoch: 189 | Recon Loss : 0.1762 | Codebook : 0.1101 | G Loss : 0.0000 | D Loss 0.0000
Finished epoch: 190 | Recon Loss : 0.1762 | Codebook : 0.1121 | G Loss : 0.0000 | D Loss 0.0000
Finished epoch: 191 | Recon Loss : 0.1761 | Codebook : 0.1134 | G Loss : 0.0000 | D Loss 0.0000
Finished epoch: 192 | Recon Loss : 0.1761 | Codebook : 0.1136 | G Loss : 0.0000 | D Loss 0.0000
Finished epoch: 193 | Recon Loss : 0.1761 | Codebook : 0.1135 | G Loss : 0.0000 | D Loss 0.0000
Finished epoch: 194 | Recon Loss : 0.1760 | Codebook : 0.1141 | G Loss : 0.0000 | D Loss 0.0000
Finished epoch: 195 | Recon Loss : 0.1760 | Codebook : 0.1161 | G Loss : 0.0000 | D Loss 0.0000
Finished epoch: 196 | Recon Loss : 0.1760 | Codebook : 0.1169 | G Loss : 0.0000 | D Loss 0.0000
Finished epoch: 197 | Recon Loss : 0.1759 | Codebook : 0.1170 | G Loss : 0.0000 | D Loss 0.0000
Finished epoch: 198 | Recon Loss : 0.1759 | Codebook : 0.1184 | G Loss : 0.0000 | D Loss 0.0000
Finished epoch: 199 | Recon Loss : 0.1759 | Codebook : 0.1185 | G Loss : 0.0000 | D Loss 0.0000
Finished epoch: 200 | Recon Loss : 0.1758 | Codebook : 0.1188 | G Loss : 0.0000 | D Loss 0.0000
Done Training...