{'dataset_params': {'im_path': 'placeholder', 'im_channels': 1, 'im_size': 116, 'name': 'ICDFC'}, 'diffusion_params': {'num_timesteps': 100, 'beta_start': 0.00085, 'beta_end': 0.012}, 'ldm_params': {'down_channels': [128, 256, 384, 512], 'mid_channels': [512, 384], 'down_sample': [True, True, True], 'attn_down': [True, True, True], 'time_emb_dim': 512, 'norm_channels': 32, 'num_heads': 8, 'conv_out_channels': 128, 'num_down_layers': 1, 'num_mid_layers': 2, 'num_up_layers': 1, 'condition_config': {'condition_types': ['text', 'image'], 'text_condition_config': {'text_embed_model': 'clip', 'train_text_embed_model': False, 'text_embed_dim': 512, 'cond_drop_prob': 0.1}, 'image_condition_config': {'image_condition_input_channels': 1, 'image_condition_output_channels': 1, 'image_condition_h': 120, 'image_condition_w': 120, 'cond_drop_prob': 0.1}}}, 'autoencoder_params': {'z_channels': 1, 'codebook_size': 8192, 'down_channels': [64, 128, 256, 256], 'mid_channels': [256, 256], 'down_sample': [True, True, True], 'attn_down': [False, False, False], 'norm_channels': 32, 'num_heads': 4, 'num_down_layers': 2, 'num_mid_layers': 2, 'num_up_layers': 2}, 'train_params': {'seed': 142857, 'task_name': 'icd2fc', 'ldm_batch_size': 1, 'autoencoder_batch_size': 64, 'disc_start': 15000, 'disc_weight': 0.5, 'codebook_weight': 1, 'commitment_beta': 0.2, 'perceptual_weight': 1, 'kl_weight': 5e-06, 'ldm_epochs': 100, 'autoencoder_epochs': 200, 'num_samples': 1, 'num_grid_rows': 1, 'ldm_lr': 5e-06, 'autoencoder_lr': 1e-05, 'autoencoder_acc_steps': 4, 'autoencoder_img_save_steps': 64, 'save_latents': False, 'cf_guidance_scale': 1.0, 'vae_latent_dir_name': 'vae_latents', 'vqvae_latent_dir_name': 'vqvae_latents', 'ldm_ckpt_name': 'ddpm_ckpt_text_image_cond_clip.pth', 'vqvae_autoencoder_ckpt_name': 'vqvae_autoencoder_ckpt.pth', 'vae_autoencoder_ckpt_name': 'vae_autoencoder_ckpt.pth', 'vqvae_discriminator_ckpt_name': 'vqvae_discriminator_ckpt.pth', 'vae_discriminator_ckpt_name': 'vae_discriminator_ckpt.pth'}}
['hariri', 'rest']
prepare data list: 100%|████████████████████████████████████████████████████████████████████████████████████████████████████████████████████████████████████| 19930/19930 [00:19<00:00, 1031.20it/s]
['hariri', 'rest']
prepare data list: 100%|████████████████████████████████████████████████████████████████████████████████████████████████████████████████████████████████████| 19930/19930 [00:04<00:00, 3999.65it/s]
Traceback (most recent call last):
  File "/ram/USERS/ziquanw/StableDiffusion-PyTorch/train_discrinimator.py", line 178, in <module>
    train(args)
  File "/ram/USERS/ziquanw/StableDiffusion-PyTorch/train_discrinimator.py", line 144, in train
    prec, rec, f1 = precision_recall_fscore_support(beh, pred)
    ^^^^^^^^^^^^^
ValueError: too many values to unpack (expected 3)
(flashattn3) ziquanw@yukon:/ram/USERS/ziquanw/StableDiffusion-PyTorch$ python train_discrinimator.py 
{'dataset_params': {'im_path': 'placeholder', 'im_channels': 1, 'im_size': 116, 'name': 'ICDFC'}, 'diffusion_params': {'num_timesteps': 100, 'beta_start': 0.00085, 'beta_end': 0.012}, 'ldm_params': {'down_channels': [128, 256, 384, 512], 'mid_channels': [512, 384], 'down_sample': [True, True, True], 'attn_down': [True, True, True], 'time_emb_dim': 512, 'norm_channels': 32, 'num_heads': 8, 'conv_out_channels': 128, 'num_down_layers': 1, 'num_mid_layers': 2, 'num_up_layers': 1, 'condition_config': {'condition_types': ['text', 'image'], 'text_condition_config': {'text_embed_model': 'clip', 'train_text_embed_model': False, 'text_embed_dim': 512, 'cond_drop_prob': 0.1}, 'image_condition_config': {'image_condition_input_channels': 1, 'image_condition_output_channels': 1, 'image_condition_h': 120, 'image_condition_w': 120, 'cond_drop_prob': 0.1}}}, 'autoencoder_params': {'z_channels': 1, 'codebook_size': 8192, 'down_channels': [64, 128, 256, 256], 'mid_channels': [256, 256], 'down_sample': [True, True, True], 'attn_down': [False, False, False], 'norm_channels': 32, 'num_heads': 4, 'num_down_layers': 2, 'num_mid_layers': 2, 'num_up_layers': 2}, 'train_params': {'seed': 142857, 'task_name': 'icd2fc', 'ldm_batch_size': 1, 'autoencoder_batch_size': 64, 'disc_start': 15000, 'disc_weight': 0.5, 'codebook_weight': 1, 'commitment_beta': 0.2, 'perceptual_weight': 1, 'kl_weight': 5e-06, 'ldm_epochs': 100, 'autoencoder_epochs': 200, 'num_samples': 1, 'num_grid_rows': 1, 'ldm_lr': 5e-06, 'autoencoder_lr': 1e-05, 'autoencoder_acc_steps': 4, 'autoencoder_img_save_steps': 64, 'save_latents': False, 'cf_guidance_scale': 1.0, 'vae_latent_dir_name': 'vae_latents', 'vqvae_latent_dir_name': 'vqvae_latents', 'ldm_ckpt_name': 'ddpm_ckpt_text_image_cond_clip.pth', 'vqvae_autoencoder_ckpt_name': 'vqvae_autoencoder_ckpt.pth', 'vae_autoencoder_ckpt_name': 'vae_autoencoder_ckpt.pth', 'vqvae_discriminator_ckpt_name': 'vqvae_discriminator_ckpt.pth', 'vae_discriminator_ckpt_name': 'vae_discriminator_ckpt.pth'}}
['hariri', 'rest']
prepare data list: 100%|█████████████████████████████████████████████████████████████████████████████████████████████████████████████████████████████████████| 19930/19930 [00:20<00:00, 950.14it/s]
['hariri', 'rest']
prepare data list: 100%|████████████████████████████████████████████████████████████████████████████████████████████████████████████████████████████████████| 19930/19930 [00:04<00:00, 4178.64it/s]
Finished epoch: 1 | Train_CELoss : 0.6251 | Val_Acc : 0.9264 | Val_Prec : 0.9286 | Val_Rec 0.9252 | Val_AUC 0.9585
Finished epoch: 2 | Train_CELoss : 0.4473 | Val_Acc : 0.9462 | Val_Prec : 0.9474 | Val_Rec 0.9452 | Val_AUC 0.9758
Finished epoch: 3 | Train_CELoss : 0.2945 | Val_Acc : 0.9615 | Val_Prec : 0.9628 | Val_Rec 0.9605 | Val_AUC 0.9840
Finished epoch: 4 | Train_CELoss : 0.1984 | Val_Acc : 0.9691 | Val_Prec : 0.9702 | Val_Rec 0.9684 | Val_AUC 0.9879
Finished epoch: 5 | Train_CELoss : 0.1452 | Val_Acc : 0.9733 | Val_Prec : 0.9741 | Val_Rec 0.9729 | Val_AUC 0.9903
Finished epoch: 6 | Train_CELoss : 0.1155 | Val_Acc : 0.9759 | Val_Prec : 0.9766 | Val_Rec 0.9756 | Val_AUC 0.9916
Finished epoch: 7 | Train_CELoss : 0.0982 | Val_Acc : 0.9773 | Val_Prec : 0.9779 | Val_Rec 0.9771 | Val_AUC 0.9924
Finished epoch: 8 | Train_CELoss : 0.0867 | Val_Acc : 0.9782 | Val_Prec : 0.9788 | Val_Rec 0.9779 | Val_AUC 0.9929
Finished epoch: 9 | Train_CELoss : 0.0789 | Val_Acc : 0.9795 | Val_Prec : 0.9800 | Val_Rec 0.9792 | Val_AUC 0.9933
Finished epoch: 10 | Train_CELoss : 0.0734 | Val_Acc : 0.9808 | Val_Prec : 0.9813 | Val_Rec 0.9804 | Val_AUC 0.9935
Finished epoch: 11 | Train_CELoss : 0.0691 | Val_Acc : 0.9816 | Val_Prec : 0.9821 | Val_Rec 0.9812 | Val_AUC 0.9939
Finished epoch: 12 | Train_CELoss : 0.0658 | Val_Acc : 0.9818 | Val_Prec : 0.9823 | Val_Rec 0.9814 | Val_AUC 0.9941
Finished epoch: 13 | Train_CELoss : 0.0630 | Val_Acc : 0.9822 | Val_Prec : 0.9827 | Val_Rec 0.9817 | Val_AUC 0.9944
Finished epoch: 14 | Train_CELoss : 0.0608 | Val_Acc : 0.9826 | Val_Prec : 0.9832 | Val_Rec 0.9821 | Val_AUC 0.9945
Finished epoch: 15 | Train_CELoss : 0.0588 | Val_Acc : 0.9830 | Val_Prec : 0.9836 | Val_Rec 0.9825 | Val_AUC 0.9947
Finished epoch: 16 | Train_CELoss : 0.0570 | Val_Acc : 0.9833 | Val_Prec : 0.9839 | Val_Rec 0.9829 | Val_AUC 0.9949
Finished epoch: 17 | Train_CELoss : 0.0554 | Val_Acc : 0.9839 | Val_Prec : 0.9844 | Val_Rec 0.9834 | Val_AUC 0.9950
Finished epoch: 18 | Train_CELoss : 0.0540 | Val_Acc : 0.9843 | Val_Prec : 0.9848 | Val_Rec 0.9837 | Val_AUC 0.9950
Finished epoch: 19 | Train_CELoss : 0.0527 | Val_Acc : 0.9848 | Val_Prec : 0.9854 | Val_Rec 0.9844 | Val_AUC 0.9951
Finished epoch: 20 | Train_CELoss : 0.0515 | Val_Acc : 0.9846 | Val_Prec : 0.9852 | Val_Rec 0.9841 | Val_AUC 0.9952
Finished epoch: 21 | Train_CELoss : 0.0503 | Val_Acc : 0.9846 | Val_Prec : 0.9852 | Val_Rec 0.9841 | Val_AUC 0.9953
Finished epoch: 22 | Train_CELoss : 0.0495 | Val_Acc : 0.9848 | Val_Prec : 0.9854 | Val_Rec 0.9844 | Val_AUC 0.9953
Finished epoch: 23 | Train_CELoss : 0.0484 | Val_Acc : 0.9848 | Val_Prec : 0.9854 | Val_Rec 0.9843 | Val_AUC 0.9954
Finished epoch: 24 | Train_CELoss : 0.0474 | Val_Acc : 0.9848 | Val_Prec : 0.9853 | Val_Rec 0.9844 | Val_AUC 0.9954
Finished epoch: 25 | Train_CELoss : 0.0466 | Val_Acc : 0.9846 | Val_Prec : 0.9851 | Val_Rec 0.9841 | Val_AUC 0.9955
Finished epoch: 26 | Train_CELoss : 0.0458 | Val_Acc : 0.9851 | Val_Prec : 0.9856 | Val_Rec 0.9846 | Val_AUC 0.9955
Finished epoch: 27 | Train_CELoss : 0.0450 | Val_Acc : 0.9851 | Val_Prec : 0.9855 | Val_Rec 0.9847 | Val_AUC 0.9955
Finished epoch: 28 | Train_CELoss : 0.0444 | Val_Acc : 0.9855 | Val_Prec : 0.9860 | Val_Rec 0.9852 | Val_AUC 0.9955
Finished epoch: 29 | Train_CELoss : 0.0436 | Val_Acc : 0.9858 | Val_Prec : 0.9862 | Val_Rec 0.9854 | Val_AUC 0.9954
Finished epoch: 30 | Train_CELoss : 0.0430 | Val_Acc : 0.9860 | Val_Prec : 0.9865 | Val_Rec 0.9857 | Val_AUC 0.9954
Finished epoch: 31 | Train_CELoss : 0.0428 | Val_Acc : 0.9860 | Val_Prec : 0.9864 | Val_Rec 0.9857 | Val_AUC 0.9954
Finished epoch: 32 | Train_CELoss : 0.0417 | Val_Acc : 0.9860 | Val_Prec : 0.9864 | Val_Rec 0.9857 | Val_AUC 0.9954
Finished epoch: 33 | Train_CELoss : 0.0411 | Val_Acc : 0.9861 | Val_Prec : 0.9865 | Val_Rec 0.9859 | Val_AUC 0.9954
Finished epoch: 34 | Train_CELoss : 0.0406 | Val_Acc : 0.9861 | Val_Prec : 0.9865 | Val_Rec 0.9859 | Val_AUC 0.9954
Finished epoch: 35 | Train_CELoss : 0.0401 | Val_Acc : 0.9862 | Val_Prec : 0.9866 | Val_Rec 0.9860 | Val_AUC 0.9954
Finished epoch: 36 | Train_CELoss : 0.0396 | Val_Acc : 0.9866 | Val_Prec : 0.9869 | Val_Rec 0.9863 | Val_AUC 0.9953
Finished epoch: 37 | Train_CELoss : 0.0393 | Val_Acc : 0.9858 | Val_Prec : 0.9861 | Val_Rec 0.9855 | Val_AUC 0.9953
Finished epoch: 38 | Train_CELoss : 0.0387 | Val_Acc : 0.9870 | Val_Prec : 0.9874 | Val_Rec 0.9868 | Val_AUC 0.9952
Finished epoch: 39 | Train_CELoss : 0.0383 | Val_Acc : 0.9870 | Val_Prec : 0.9873 | Val_Rec 0.9868 | Val_AUC 0.9952
Finished epoch: 40 | Train_CELoss : 0.0378 | Val_Acc : 0.9867 | Val_Prec : 0.9870 | Val_Rec 0.9865 | Val_AUC 0.9951
Finished epoch: 41 | Train_CELoss : 0.0376 | Val_Acc : 0.9867 | Val_Prec : 0.9870 | Val_Rec 0.9865 | Val_AUC 0.9951
Finished epoch: 42 | Train_CELoss : 0.0370 | Val_Acc : 0.9872 | Val_Prec : 0.9875 | Val_Rec 0.9869 | Val_AUC 0.9951
Finished epoch: 43 | Train_CELoss : 0.0367 | Val_Acc : 0.9873 | Val_Prec : 0.9877 | Val_Rec 0.9870 | Val_AUC 0.9951
Finished epoch: 44 | Train_CELoss : 0.0363 | Val_Acc : 0.9873 | Val_Prec : 0.9876 | Val_Rec 0.9870 | Val_AUC 0.9951
Finished epoch: 45 | Train_CELoss : 0.0359 | Val_Acc : 0.9872 | Val_Prec : 0.9875 | Val_Rec 0.9869 | Val_AUC 0.9951
Finished epoch: 46 | Train_CELoss : 0.0356 | Val_Acc : 0.9867 | Val_Prec : 0.9870 | Val_Rec 0.9865 | Val_AUC 0.9951
Finished epoch: 47 | Train_CELoss : 0.0353 | Val_Acc : 0.9868 | Val_Prec : 0.9871 | Val_Rec 0.9866 | Val_AUC 0.9951
Finished epoch: 48 | Train_CELoss : 0.0349 | Val_Acc : 0.9869 | Val_Prec : 0.9872 | Val_Rec 0.9867 | Val_AUC 0.9951
Finished epoch: 49 | Train_CELoss : 0.0346 | Val_Acc : 0.9868 | Val_Prec : 0.9871 | Val_Rec 0.9866 | Val_AUC 0.9951
Finished epoch: 50 | Train_CELoss : 0.0343 | Val_Acc : 0.9868 | Val_Prec : 0.9871 | Val_Rec 0.9866 | Val_AUC 0.9951
Finished epoch: 51 | Train_CELoss : 0.0340 | Val_Acc : 0.9869 | Val_Prec : 0.9871 | Val_Rec 0.9867 | Val_AUC 0.9951
Finished epoch: 52 | Train_CELoss : 0.0337 | Val_Acc : 0.9868 | Val_Prec : 0.9870 | Val_Rec 0.9866 | Val_AUC 0.9952
Finished epoch: 53 | Train_CELoss : 0.0334 | Val_Acc : 0.9869 | Val_Prec : 0.9871 | Val_Rec 0.9867 | Val_AUC 0.9951
Finished epoch: 54 | Train_CELoss : 0.0332 | Val_Acc : 0.9870 | Val_Prec : 0.9874 | Val_Rec 0.9868 | Val_AUC 0.9950
Finished epoch: 55 | Train_CELoss : 0.0329 | Val_Acc : 0.9869 | Val_Prec : 0.9872 | Val_Rec 0.9867 | Val_AUC 0.9950
Finished epoch: 56 | Train_CELoss : 0.0326 | Val_Acc : 0.9872 | Val_Prec : 0.9874 | Val_Rec 0.9869 | Val_AUC 0.9949
Finished epoch: 57 | Train_CELoss : 0.0323 | Val_Acc : 0.9873 | Val_Prec : 0.9876 | Val_Rec 0.9870 | Val_AUC 0.9950
Finished epoch: 58 | Train_CELoss : 0.0321 | Val_Acc : 0.9870 | Val_Prec : 0.9873 | Val_Rec 0.9868 | Val_AUC 0.9949
Finished epoch: 59 | Train_CELoss : 0.0318 | Val_Acc : 0.9875 | Val_Prec : 0.9878 | Val_Rec 0.9872 | Val_AUC 0.9949
Finished epoch: 60 | Train_CELoss : 0.0315 | Val_Acc : 0.9873 | Val_Prec : 0.9875 | Val_Rec 0.9870 | Val_AUC 0.9949
Finished epoch: 61 | Train_CELoss : 0.0313 | Val_Acc : 0.9874 | Val_Prec : 0.9877 | Val_Rec 0.9871 | Val_AUC 0.9949
Finished epoch: 62 | Train_CELoss : 0.0311 | Val_Acc : 0.9874 | Val_Prec : 0.9877 | Val_Rec 0.9871 | Val_AUC 0.9949
Finished epoch: 63 | Train_CELoss : 0.0308 | Val_Acc : 0.9875 | Val_Prec : 0.9878 | Val_Rec 0.9872 | Val_AUC 0.9948
Finished epoch: 64 | Train_CELoss : 0.0306 | Val_Acc : 0.9872 | Val_Prec : 0.9874 | Val_Rec 0.9869 | Val_AUC 0.9948
Finished epoch: 65 | Train_CELoss : 0.0304 | Val_Acc : 0.9872 | Val_Prec : 0.9874 | Val_Rec 0.9870 | Val_AUC 0.9948
Finished epoch: 66 | Train_CELoss : 0.0305 | Val_Acc : 0.9874 | Val_Prec : 0.9877 | Val_Rec 0.9872 | Val_AUC 0.9948
Finished epoch: 67 | Train_CELoss : 0.0299 | Val_Acc : 0.9875 | Val_Prec : 0.9878 | Val_Rec 0.9873 | Val_AUC 0.9947
Finished epoch: 68 | Train_CELoss : 0.0299 | Val_Acc : 0.9870 | Val_Prec : 0.9873 | Val_Rec 0.9868 | Val_AUC 0.9947
Finished epoch: 69 | Train_CELoss : 0.0295 | Val_Acc : 0.9875 | Val_Prec : 0.9878 | Val_Rec 0.9872 | Val_AUC 0.9947
Finished epoch: 70 | Train_CELoss : 0.0293 | Val_Acc : 0.9875 | Val_Prec : 0.9878 | Val_Rec 0.9872 | Val_AUC 0.9947
Finished epoch: 71 | Train_CELoss : 0.0291 | Val_Acc : 0.9872 | Val_Prec : 0.9874 | Val_Rec 0.9869 | Val_AUC 0.9946
Finished epoch: 72 | Train_CELoss : 0.0289 | Val_Acc : 0.9874 | Val_Prec : 0.9876 | Val_Rec 0.9871 | Val_AUC 0.9947
Finished epoch: 73 | Train_CELoss : 0.0287 | Val_Acc : 0.9876 | Val_Prec : 0.9879 | Val_Rec 0.9874 | Val_AUC 0.9947
Finished epoch: 74 | Train_CELoss : 0.0284 | Val_Acc : 0.9874 | Val_Prec : 0.9876 | Val_Rec 0.9872 | Val_AUC 0.9946
Finished epoch: 75 | Train_CELoss : 0.0282 | Val_Acc : 0.9875 | Val_Prec : 0.9878 | Val_Rec 0.9872 | Val_AUC 0.9946
Finished epoch: 76 | Train_CELoss : 0.0281 | Val_Acc : 0.9874 | Val_Prec : 0.9876 | Val_Rec 0.9872 | Val_AUC 0.9945
Finished epoch: 77 | Train_CELoss : 0.0279 | Val_Acc : 0.9874 | Val_Prec : 0.9876 | Val_Rec 0.9872 | Val_AUC 0.9945
Finished epoch: 78 | Train_CELoss : 0.0277 | Val_Acc : 0.9876 | Val_Prec : 0.9879 | Val_Rec 0.9874 | Val_AUC 0.9945
Finished epoch: 79 | Train_CELoss : 0.0276 | Val_Acc : 0.9875 | Val_Prec : 0.9878 | Val_Rec 0.9872 | Val_AUC 0.9945
Finished epoch: 80 | Train_CELoss : 0.0273 | Val_Acc : 0.9869 | Val_Prec : 0.9871 | Val_Rec 0.9867 | Val_AUC 0.9945
Finished epoch: 81 | Train_CELoss : 0.0271 | Val_Acc : 0.9870 | Val_Prec : 0.9872 | Val_Rec 0.9869 | Val_AUC 0.9945
Finished epoch: 82 | Train_CELoss : 0.0271 | Val_Acc : 0.9876 | Val_Prec : 0.9879 | Val_Rec 0.9873 | Val_AUC 0.9944
Finished epoch: 83 | Train_CELoss : 0.0269 | Val_Acc : 0.9875 | Val_Prec : 0.9878 | Val_Rec 0.9872 | Val_AUC 0.9944
Finished epoch: 84 | Train_CELoss : 0.0269 | Val_Acc : 0.9874 | Val_Prec : 0.9876 | Val_Rec 0.9871 | Val_AUC 0.9944
Finished epoch: 85 | Train_CELoss : 0.0265 | Val_Acc : 0.9874 | Val_Prec : 0.9877 | Val_Rec 0.9871 | Val_AUC 0.9943
Finished epoch: 86 | Train_CELoss : 0.0263 | Val_Acc : 0.9872 | Val_Prec : 0.9874 | Val_Rec 0.9869 | Val_AUC 0.9943
Finished epoch: 87 | Train_CELoss : 0.0262 | Val_Acc : 0.9873 | Val_Prec : 0.9876 | Val_Rec 0.9870 | Val_AUC 0.9943
Finished epoch: 88 | Train_CELoss : 0.0263 | Val_Acc : 0.9874 | Val_Prec : 0.9877 | Val_Rec 0.9871 | Val_AUC 0.9942
Finished epoch: 89 | Train_CELoss : 0.0258 | Val_Acc : 0.9874 | Val_Prec : 0.9877 | Val_Rec 0.9871 | Val_AUC 0.9942
Finished epoch: 90 | Train_CELoss : 0.0256 | Val_Acc : 0.9873 | Val_Prec : 0.9876 | Val_Rec 0.9870 | Val_AUC 0.9943
Finished epoch: 91 | Train_CELoss : 0.0255 | Val_Acc : 0.9873 | Val_Prec : 0.9875 | Val_Rec 0.9870 | Val_AUC 0.9942
Finished epoch: 92 | Train_CELoss : 0.0253 | Val_Acc : 0.9873 | Val_Prec : 0.9876 | Val_Rec 0.9870 | Val_AUC 0.9941
Finished epoch: 93 | Train_CELoss : 0.0251 | Val_Acc : 0.9873 | Val_Prec : 0.9876 | Val_Rec 0.9870 | Val_AUC 0.9941
Finished epoch: 94 | Train_CELoss : 0.0250 | Val_Acc : 0.9873 | Val_Prec : 0.9876 | Val_Rec 0.9870 | Val_AUC 0.9940
Finished epoch: 95 | Train_CELoss : 0.0248 | Val_Acc : 0.9873 | Val_Prec : 0.9876 | Val_Rec 0.9869 | Val_AUC 0.9940
Finished epoch: 96 | Train_CELoss : 0.0247 | Val_Acc : 0.9872 | Val_Prec : 0.9875 | Val_Rec 0.9868 | Val_AUC 0.9940
Finished epoch: 97 | Train_CELoss : 0.0245 | Val_Acc : 0.9873 | Val_Prec : 0.9876 | Val_Rec 0.9869 | Val_AUC 0.9941
Finished epoch: 98 | Train_CELoss : 0.0244 | Val_Acc : 0.9873 | Val_Prec : 0.9876 | Val_Rec 0.9870 | Val_AUC 0.9939
Finished epoch: 99 | Train_CELoss : 0.0242 | Val_Acc : 0.9873 | Val_Prec : 0.9876 | Val_Rec 0.9869 | Val_AUC 0.9939
Finished epoch: 100 | Train_CELoss : 0.0243 | Val_Acc : 0.9870 | Val_Prec : 0.9874 | Val_Rec 0.9867 | Val_AUC 0.9938
Finished epoch: 101 | Train_CELoss : 0.0238 | Val_Acc : 0.9872 | Val_Prec : 0.9874 | Val_Rec 0.9868 | Val_AUC 0.9937
Finished epoch: 102 | Train_CELoss : 0.0237 | Val_Acc : 0.9873 | Val_Prec : 0.9876 | Val_Rec 0.9869 | Val_AUC 0.9939
Finished epoch: 103 | Train_CELoss : 0.0236 | Val_Acc : 0.9872 | Val_Prec : 0.9874 | Val_Rec 0.9869 | Val_AUC 0.9937
Finished epoch: 104 | Train_CELoss : 0.0234 | Val_Acc : 0.9870 | Val_Prec : 0.9873 | Val_Rec 0.9867 | Val_AUC 0.9937
Finished epoch: 105 | Train_CELoss : 0.0235 | Val_Acc : 0.9872 | Val_Prec : 0.9874 | Val_Rec 0.9868 | Val_AUC 0.9937
Finished epoch: 106 | Train_CELoss : 0.0232 | Val_Acc : 0.9873 | Val_Prec : 0.9876 | Val_Rec 0.9869 | Val_AUC 0.9938
Finished epoch: 107 | Train_CELoss : 0.0230 | Val_Acc : 0.9872 | Val_Prec : 0.9875 | Val_Rec 0.9867 | Val_AUC 0.9936
Finished epoch: 108 | Train_CELoss : 0.0228 | Val_Acc : 0.9870 | Val_Prec : 0.9873 | Val_Rec 0.9867 | Val_AUC 0.9936
Finished epoch: 109 | Train_CELoss : 0.0227 | Val_Acc : 0.9869 | Val_Prec : 0.9872 | Val_Rec 0.9866 | Val_AUC 0.9936
Finished epoch: 110 | Train_CELoss : 0.0226 | Val_Acc : 0.9872 | Val_Prec : 0.9875 | Val_Rec 0.9868 | Val_AUC 0.9935
Finished epoch: 111 | Train_CELoss : 0.0224 | Val_Acc : 0.9873 | Val_Prec : 0.9877 | Val_Rec 0.9869 | Val_AUC 0.9934
Finished epoch: 112 | Train_CELoss : 0.0223 | Val_Acc : 0.9872 | Val_Prec : 0.9875 | Val_Rec 0.9867 | Val_AUC 0.9935
Finished epoch: 113 | Train_CELoss : 0.0222 | Val_Acc : 0.9872 | Val_Prec : 0.9875 | Val_Rec 0.9867 | Val_AUC 0.9934
Finished epoch: 114 | Train_CELoss : 0.0220 | Val_Acc : 0.9872 | Val_Prec : 0.9875 | Val_Rec 0.9868 | Val_AUC 0.9933
Finished epoch: 115 | Train_CELoss : 0.0219 | Val_Acc : 0.9873 | Val_Prec : 0.9876 | Val_Rec 0.9869 | Val_AUC 0.9933
Finished epoch: 116 | Train_CELoss : 0.0217 | Val_Acc : 0.9874 | Val_Prec : 0.9877 | Val_Rec 0.9870 | Val_AUC 0.9935
Finished epoch: 117 | Train_CELoss : 0.0219 | Val_Acc : 0.9874 | Val_Prec : 0.9877 | Val_Rec 0.9870 | Val_AUC 0.9931
Finished epoch: 118 | Train_CELoss : 0.0217 | Val_Acc : 0.9872 | Val_Prec : 0.9875 | Val_Rec 0.9867 | Val_AUC 0.9932
Finished epoch: 119 | Train_CELoss : 0.0213 | Val_Acc : 0.9872 | Val_Prec : 0.9875 | Val_Rec 0.9867 | Val_AUC 0.9931
Finished epoch: 120 | Train_CELoss : 0.0212 | Val_Acc : 0.9873 | Val_Prec : 0.9876 | Val_Rec 0.9869 | Val_AUC 0.9932
Finished epoch: 121 | Train_CELoss : 0.0210 | Val_Acc : 0.9873 | Val_Prec : 0.9876 | Val_Rec 0.9868 | Val_AUC 0.9931
Finished epoch: 122 | Train_CELoss : 0.0209 | Val_Acc : 0.9873 | Val_Prec : 0.9875 | Val_Rec 0.9869 | Val_AUC 0.9928
Finished epoch: 123 | Train_CELoss : 0.0208 | Val_Acc : 0.9875 | Val_Prec : 0.9878 | Val_Rec 0.9871 | Val_AUC 0.9931
Finished epoch: 124 | Train_CELoss : 0.0207 | Val_Acc : 0.9874 | Val_Prec : 0.9877 | Val_Rec 0.9870 | Val_AUC 0.9929
Finished epoch: 125 | Train_CELoss : 0.0206 | Val_Acc : 0.9875 | Val_Prec : 0.9878 | Val_Rec 0.9871 | Val_AUC 0.9929
Finished epoch: 126 | Train_CELoss : 0.0204 | Val_Acc : 0.9876 | Val_Prec : 0.9879 | Val_Rec 0.9873 | Val_AUC 0.9929
Finished epoch: 127 | Train_CELoss : 0.0203 | Val_Acc : 0.9874 | Val_Prec : 0.9877 | Val_Rec 0.9870 | Val_AUC 0.9929
Finished epoch: 128 | Train_CELoss : 0.0201 | Val_Acc : 0.9876 | Val_Prec : 0.9879 | Val_Rec 0.9873 | Val_AUC 0.9929
Finished epoch: 129 | Train_CELoss : 0.0200 | Val_Acc : 0.9876 | Val_Prec : 0.9879 | Val_Rec 0.9873 | Val_AUC 0.9927
Finished epoch: 130 | Train_CELoss : 0.0199 | Val_Acc : 0.9874 | Val_Prec : 0.9877 | Val_Rec 0.9870 | Val_AUC 0.9928
Finished epoch: 131 | Train_CELoss : 0.0197 | Val_Acc : 0.9877 | Val_Prec : 0.9880 | Val_Rec 0.9873 | Val_AUC 0.9928
Finished epoch: 132 | Train_CELoss : 0.0196 | Val_Acc : 0.9874 | Val_Prec : 0.9877 | Val_Rec 0.9870 | Val_AUC 0.9926
Finished epoch: 133 | Train_CELoss : 0.0195 | Val_Acc : 0.9874 | Val_Prec : 0.9876 | Val_Rec 0.9870 | Val_AUC 0.9925
Finished epoch: 134 | Train_CELoss : 0.0194 | Val_Acc : 0.9873 | Val_Prec : 0.9875 | Val_Rec 0.9869 | Val_AUC 0.9926
Finished epoch: 135 | Train_CELoss : 0.0193 | Val_Acc : 0.9873 | Val_Prec : 0.9876 | Val_Rec 0.9868 | Val_AUC 0.9926
Finished epoch: 136 | Train_CELoss : 0.0191 | Val_Acc : 0.9875 | Val_Prec : 0.9878 | Val_Rec 0.9871 | Val_AUC 0.9926
Finished epoch: 137 | Train_CELoss : 0.0190 | Val_Acc : 0.9874 | Val_Prec : 0.9877 | Val_Rec 0.9870 | Val_AUC 0.9929
Finished epoch: 138 | Train_CELoss : 0.0194 | Val_Acc : 0.9875 | Val_Prec : 0.9878 | Val_Rec 0.9871 | Val_AUC 0.9925
Finished epoch: 139 | Train_CELoss : 0.0187 | Val_Acc : 0.9876 | Val_Prec : 0.9879 | Val_Rec 0.9872 | Val_AUC 0.9923
Finished epoch: 140 | Train_CELoss : 0.0186 | Val_Acc : 0.9873 | Val_Prec : 0.9876 | Val_Rec 0.9868 | Val_AUC 0.9924
Finished epoch: 141 | Train_CELoss : 0.0185 | Val_Acc : 0.9876 | Val_Prec : 0.9879 | Val_Rec 0.9872 | Val_AUC 0.9925
Finished epoch: 142 | Train_CELoss : 0.0184 | Val_Acc : 0.9881 | Val_Prec : 0.9883 | Val_Rec 0.9877 | Val_AUC 0.9926
Finished epoch: 143 | Train_CELoss : 0.0183 | Val_Acc : 0.9877 | Val_Prec : 0.9880 | Val_Rec 0.9873 | Val_AUC 0.9924
Finished epoch: 144 | Train_CELoss : 0.0182 | Val_Acc : 0.9876 | Val_Prec : 0.9879 | Val_Rec 0.9872 | Val_AUC 0.9925
Finished epoch: 145 | Train_CELoss : 0.0181 | Val_Acc : 0.9876 | Val_Prec : 0.9879 | Val_Rec 0.9872 | Val_AUC 0.9922
Finished epoch: 146 | Train_CELoss : 0.0180 | Val_Acc : 0.9880 | Val_Prec : 0.9882 | Val_Rec 0.9876 | Val_AUC 0.9925
Finished epoch: 147 | Train_CELoss : 0.0178 | Val_Acc : 0.9878 | Val_Prec : 0.9881 | Val_Rec 0.9874 | Val_AUC 0.9925
Finished epoch: 148 | Train_CELoss : 0.0177 | Val_Acc : 0.9880 | Val_Prec : 0.9882 | Val_Rec 0.9875 | Val_AUC 0.9924
Finished epoch: 149 | Train_CELoss : 0.0176 | Val_Acc : 0.9876 | Val_Prec : 0.9879 | Val_Rec 0.9872 | Val_AUC 0.9922
Finished epoch: 150 | Train_CELoss : 0.0175 | Val_Acc : 0.9880 | Val_Prec : 0.9882 | Val_Rec 0.9875 | Val_AUC 0.9921
Finished epoch: 151 | Train_CELoss : 0.0175 | Val_Acc : 0.9880 | Val_Prec : 0.9882 | Val_Rec 0.9875 | Val_AUC 0.9922
Finished epoch: 152 | Train_CELoss : 0.0173 | Val_Acc : 0.9880 | Val_Prec : 0.9883 | Val_Rec 0.9875 | Val_AUC 0.9919
Finished epoch: 153 | Train_CELoss : 0.0171 | Val_Acc : 0.9880 | Val_Prec : 0.9882 | Val_Rec 0.9875 | Val_AUC 0.9920
Finished epoch: 154 | Train_CELoss : 0.0171 | Val_Acc : 0.9878 | Val_Prec : 0.9881 | Val_Rec 0.9874 | Val_AUC 0.9921
Finished epoch: 155 | Train_CELoss : 0.0170 | Val_Acc : 0.9881 | Val_Prec : 0.9884 | Val_Rec 0.9876 | Val_AUC 0.9920
Finished epoch: 156 | Train_CELoss : 0.0169 | Val_Acc : 0.9881 | Val_Prec : 0.9884 | Val_Rec 0.9876 | Val_AUC 0.9920
Finished epoch: 157 | Train_CELoss : 0.0167 | Val_Acc : 0.9876 | Val_Prec : 0.9879 | Val_Rec 0.9871 | Val_AUC 0.9922
Finished epoch: 158 | Train_CELoss : 0.0167 | Val_Acc : 0.9877 | Val_Prec : 0.9880 | Val_Rec 0.9873 | Val_AUC 0.9917
Finished epoch: 159 | Train_CELoss : 0.0165 | Val_Acc : 0.9877 | Val_Prec : 0.9880 | Val_Rec 0.9873 | Val_AUC 0.9917
Finished epoch: 160 | Train_CELoss : 0.0165 | Val_Acc : 0.9881 | Val_Prec : 0.9883 | Val_Rec 0.9876 | Val_AUC 0.9920
Finished epoch: 161 | Train_CELoss : 0.0163 | Val_Acc : 0.9880 | Val_Prec : 0.9882 | Val_Rec 0.9875 | Val_AUC 0.9916
Finished epoch: 162 | Train_CELoss : 0.0162 | Val_Acc : 0.9877 | Val_Prec : 0.9880 | Val_Rec 0.9874 | Val_AUC 0.9913
Finished epoch: 163 | Train_CELoss : 0.0161 | Val_Acc : 0.9878 | Val_Prec : 0.9881 | Val_Rec 0.9874 | Val_AUC 0.9917
Finished epoch: 164 | Train_CELoss : 0.0160 | Val_Acc : 0.9880 | Val_Prec : 0.9882 | Val_Rec 0.9875 | Val_AUC 0.9915
Finished epoch: 165 | Train_CELoss : 0.0159 | Val_Acc : 0.9880 | Val_Prec : 0.9882 | Val_Rec 0.9875 | Val_AUC 0.9918
Finished epoch: 166 | Train_CELoss : 0.0158 | Val_Acc : 0.9878 | Val_Prec : 0.9881 | Val_Rec 0.9874 | Val_AUC 0.9913
Finished epoch: 167 | Train_CELoss : 0.0157 | Val_Acc : 0.9877 | Val_Prec : 0.9880 | Val_Rec 0.9873 | Val_AUC 0.9915
Finished epoch: 168 | Train_CELoss : 0.0156 | Val_Acc : 0.9876 | Val_Prec : 0.9879 | Val_Rec 0.9871 | Val_AUC 0.9914
Finished epoch: 169 | Train_CELoss : 0.0155 | Val_Acc : 0.9880 | Val_Prec : 0.9882 | Val_Rec 0.9876 | Val_AUC 0.9913
Finished epoch: 170 | Train_CELoss : 0.0153 | Val_Acc : 0.9877 | Val_Prec : 0.9880 | Val_Rec 0.9873 | Val_AUC 0.9911
Finished epoch: 171 | Train_CELoss : 0.0152 | Val_Acc : 0.9876 | Val_Prec : 0.9879 | Val_Rec 0.9872 | Val_AUC 0.9914
Finished epoch: 172 | Train_CELoss : 0.0151 | Val_Acc : 0.9877 | Val_Prec : 0.9880 | Val_Rec 0.9873 | Val_AUC 0.9916
Finished epoch: 173 | Train_CELoss : 0.0150 | Val_Acc : 0.9876 | Val_Prec : 0.9878 | Val_Rec 0.9872 | Val_AUC 0.9908
Finished epoch: 174 | Train_CELoss : 0.0149 | Val_Acc : 0.9878 | Val_Prec : 0.9881 | Val_Rec 0.9874 | Val_AUC 0.9913
Finished epoch: 175 | Train_CELoss : 0.0148 | Val_Acc : 0.9877 | Val_Prec : 0.9880 | Val_Rec 0.9873 | Val_AUC 0.9909
Finished epoch: 176 | Train_CELoss : 0.0148 | Val_Acc : 0.9878 | Val_Prec : 0.9881 | Val_Rec 0.9874 | Val_AUC 0.9911
Finished epoch: 177 | Train_CELoss : 0.0146 | Val_Acc : 0.9880 | Val_Prec : 0.9882 | Val_Rec 0.9876 | Val_AUC 0.9912
Finished epoch: 178 | Train_CELoss : 0.0145 | Val_Acc : 0.9876 | Val_Prec : 0.9879 | Val_Rec 0.9871 | Val_AUC 0.9906
Finished epoch: 179 | Train_CELoss : 0.0144 | Val_Acc : 0.9880 | Val_Prec : 0.9882 | Val_Rec 0.9876 | Val_AUC 0.9907
Finished epoch: 180 | Train_CELoss : 0.0143 | Val_Acc : 0.9876 | Val_Prec : 0.9879 | Val_Rec 0.9872 | Val_AUC 0.9909
Finished epoch: 181 | Train_CELoss : 0.0145 | Val_Acc : 0.9880 | Val_Prec : 0.9881 | Val_Rec 0.9877 | Val_AUC 0.9909
Finished epoch: 182 | Train_CELoss : 0.0141 | Val_Acc : 0.9876 | Val_Prec : 0.9879 | Val_Rec 0.9872 | Val_AUC 0.9908
Finished epoch: 183 | Train_CELoss : 0.0141 | Val_Acc : 0.9877 | Val_Prec : 0.9879 | Val_Rec 0.9874 | Val_AUC 0.9906
Finished epoch: 184 | Train_CELoss : 0.0139 | Val_Acc : 0.9876 | Val_Prec : 0.9879 | Val_Rec 0.9872 | Val_AUC 0.9910
Finished epoch: 185 | Train_CELoss : 0.0141 | Val_Acc : 0.9878 | Val_Prec : 0.9880 | Val_Rec 0.9875 | Val_AUC 0.9902
Finished epoch: 186 | Train_CELoss : 0.0138 | Val_Acc : 0.9880 | Val_Prec : 0.9882 | Val_Rec 0.9875 | Val_AUC 0.9905
Finished epoch: 187 | Train_CELoss : 0.0137 | Val_Acc : 0.9880 | Val_Prec : 0.9882 | Val_Rec 0.9876 | Val_AUC 0.9905
Finished epoch: 188 | Train_CELoss : 0.0136 | Val_Acc : 0.9878 | Val_Prec : 0.9881 | Val_Rec 0.9874 | Val_AUC 0.9903
Finished epoch: 189 | Train_CELoss : 0.0135 | Val_Acc : 0.9878 | Val_Prec : 0.9880 | Val_Rec 0.9875 | Val_AUC 0.9907
Finished epoch: 190 | Train_CELoss : 0.0134 | Val_Acc : 0.9877 | Val_Prec : 0.9879 | Val_Rec 0.9874 | Val_AUC 0.9903
Finished epoch: 191 | Train_CELoss : 0.0133 | Val_Acc : 0.9878 | Val_Prec : 0.9880 | Val_Rec 0.9875 | Val_AUC 0.9906
Finished epoch: 192 | Train_CELoss : 0.0132 | Val_Acc : 0.9878 | Val_Prec : 0.9882 | Val_Rec 0.9873 | Val_AUC 0.9904
Finished epoch: 193 | Train_CELoss : 0.0132 | Val_Acc : 0.9880 | Val_Prec : 0.9882 | Val_Rec 0.9876 | Val_AUC 0.9902
Finished epoch: 194 | Train_CELoss : 0.0130 | Val_Acc : 0.9878 | Val_Prec : 0.9880 | Val_Rec 0.9875 | Val_AUC 0.9905
Finished epoch: 195 | Train_CELoss : 0.0130 | Val_Acc : 0.9881 | Val_Prec : 0.9883 | Val_Rec 0.9877 | Val_AUC 0.9903
Finished epoch: 196 | Train_CELoss : 0.0129 | Val_Acc : 0.9880 | Val_Prec : 0.9883 | Val_Rec 0.9875 | Val_AUC 0.9898
Finished epoch: 197 | Train_CELoss : 0.0128 | Val_Acc : 0.9878 | Val_Prec : 0.9881 | Val_Rec 0.9874 | Val_AUC 0.9903
Finished epoch: 198 | Train_CELoss : 0.0128 | Val_Acc : 0.9875 | Val_Prec : 0.9876 | Val_Rec 0.9873 | Val_AUC 0.9901
Finished epoch: 199 | Train_CELoss : 0.0126 | Val_Acc : 0.9881 | Val_Prec : 0.9883 | Val_Rec 0.9877 | Val_AUC 0.9902
Finished epoch: 200 | Train_CELoss : 0.0125 | Val_Acc : 0.9882 | Val_Prec : 0.9884 | Val_Rec 0.9878 | Val_AUC 0.9905
Done Training...