
[Verification] Tokenizing 'A00':
   Tokens: [4]
----------------------------------------
Starting Training (Split Token Strategy)...
Epoch 1 | Loss: 0.9018022161
Epoch 2 | Loss: 0.4555298769
Epoch 3 | Loss: 0.4393016340
Epoch 4 | Loss: 0.4378759836
Epoch 5 | Loss: 0.4377501201
Epoch 6 | Loss: 0.4365285544
Epoch 7 | Loss: 0.4360743819
Epoch 8 | Loss: 0.4278953340
Epoch 9 | Loss: 0.4067185778
Epoch 10 | Loss: 0.3951202383
Epoch 11 | Loss: 0.3882494478
Epoch 12 | Loss: 0.3748483087
Epoch 13 | Loss: 0.3597408442
Epoch 14 | Loss: 0.3485012444
Epoch 15 | Loss: 0.3516262993
Epoch 16 | Loss: 0.3373452152
Epoch 17 | Loss: 0.3305272129
Epoch 18 | Loss: 0.3254983433
Epoch 19 | Loss: 0.3209903356
Epoch 20 | Loss: 0.3171934527
Epoch 21 | Loss: 0.3130235093
Epoch 22 | Loss: 0.3092651781
Epoch 23 | Loss: 0.3053040074
Epoch 24 | Loss: 0.3014752335
Epoch 25 | Loss: 0.2971117811
Epoch 26 | Loss: 0.2919822749
Epoch 27 | Loss: 0.2868757256
Epoch 28 | Loss: 0.2812324191
Epoch 29 | Loss: 0.2738511455
Epoch 30 | Loss: 0.2663063502
Epoch 31 | Loss: 0.2573268211
Epoch 32 | Loss: 0.2476577150
Epoch 33 | Loss: 0.2371205170
Epoch 34 | Loss: 0.2237963813
Epoch 35 | Loss: 0.2096656631
Epoch 36 | Loss: 0.1929445428
Epoch 37 | Loss: 0.1758195356
Epoch 38 | Loss: 0.1581932000
Epoch 39 | Loss: 0.1403798805
Epoch 40 | Loss: 0.1246403056
Epoch 41 | Loss: 0.1108404564
Epoch 42 | Loss: 0.0981130379
Epoch 43 | Loss: 0.0880706492
Epoch 44 | Loss: 0.0812213944
Epoch 45 | Loss: 0.0754300432
Epoch 46 | Loss: 0.0707483792
Epoch 47 | Loss: 0.0667057683
Epoch 48 | Loss: 0.0636445686
Epoch 49 | Loss: 0.0611053908
Epoch 50 | Loss: 0.0586613026
Epoch 51 | Loss: 0.0569054631
Epoch 52 | Loss: 0.0553225725
Epoch 53 | Loss: 0.0537267810
Epoch 54 | Loss: 0.0526664385
Epoch 55 | Loss: 0.0518342203
Epoch 56 | Loss: 0.0507483783
Epoch 57 | Loss: 0.0498505851
Epoch 58 | Loss: 0.0493712955
Epoch 59 | Loss: 0.0486764034
Epoch 60 | Loss: 0.0480697429
Epoch 61 | Loss: 0.0477227017
Epoch 62 | Loss: 0.0471843767
Epoch 63 | Loss: 0.0465588178
Epoch 64 | Loss: 0.0462224487
Epoch 65 | Loss: 0.0457377431
Epoch 66 | Loss: 0.0455487444
Epoch 67 | Loss: 0.0452869814
Epoch 68 | Loss: 0.0450186088
Epoch 69 | Loss: 0.0448914440
Epoch 70 | Loss: 0.0444652367
Epoch 71 | Loss: 0.0444381719
Epoch 72 | Loss: 0.0443244680
Epoch 73 | Loss: 0.0442292807
Epoch 74 | Loss: 0.0442608800
Epoch 75 | Loss: 0.0443348106
Epoch 76 | Loss: 0.0443057845
Epoch 77 | Loss: 0.0444927388
Epoch 78 | Loss: 0.0447387376
Epoch 79 | Loss: 0.0451614312
Epoch 80 | Loss: 0.0461803284
Epoch 81 | Loss: 0.0479162100
Epoch 82 | Loss: 0.0501992957
Epoch 83 | Loss: 0.0544978016
Epoch 84 | Loss: 0.0584892800
Epoch 85 | Loss: 0.0598301361
Epoch 86 | Loss: 0.0573853907
Epoch 87 | Loss: 0.0540926074
Epoch 88 | Loss: 0.0503968108
Epoch 89 | Loss: 0.0484866119
Epoch 90 | Loss: 0.0466028372
Epoch 91 | Loss: 0.0454936497
Epoch 92 | Loss: 0.0443807275
Epoch 93 | Loss: 0.0436536327
Epoch 94 | Loss: 0.0429066869
Epoch 95 | Loss: 0.0423909604
Epoch 96 | Loss: 0.0419648167
Epoch 97 | Loss: 0.0416840451
Epoch 98 | Loss: 0.0415144250
Epoch 99 | Loss: 0.0411771784
Epoch 100 | Loss: 0.0410472793
Epoch 101 | Loss: 0.0409258637
Epoch 102 | Loss: 0.0407608468
Epoch 103 | Loss: 0.0406858528
Epoch 104 | Loss: 0.0406022720
Epoch 105 | Loss: 0.0405160229
Epoch 106 | Loss: 0.0404356206
Epoch 107 | Loss: 0.0403760704
Epoch 108 | Loss: 0.0403132298
Epoch 109 | Loss: 0.0403173571
Epoch 110 | Loss: 0.0401810730
Epoch 111 | Loss: 0.0401774489
Epoch 112 | Loss: 0.0400861245
Epoch 113 | Loss: 0.0400823828
Epoch 114 | Loss: 0.0399857312
Epoch 115 | Loss: 0.0399424533
Epoch 116 | Loss: 0.0398877178
Epoch 117 | Loss: 0.0398755948
Epoch 118 | Loss: 0.0398353672
Epoch 119 | Loss: 0.0397647335
Epoch 120 | Loss: 0.0397458183
Epoch 121 | Loss: 0.0397534155
Epoch 122 | Loss: 0.0397243514
Epoch 123 | Loss: 0.0397061183
Epoch 124 | Loss: 0.0396442174
Epoch 125 | Loss: 0.0396187377
Epoch 126 | Loss: 0.0396173701
Epoch 127 | Loss: 0.0396096781
Epoch 128 | Loss: 0.0396116322
Epoch 129 | Loss: 0.0395761868
Epoch 130 | Loss: 0.0395441027
Epoch 131 | Loss: 0.0395615448
Epoch 132 | Loss: 0.0396619165
Epoch 133 | Loss: 0.0399366588
Epoch 134 | Loss: 0.0407737157
Epoch 135 | Loss: 0.0462305852
Epoch 136 | Loss: 0.1009990597
Epoch 137 | Loss: 0.1084271827
Epoch 138 | Loss: 0.0702648318
Epoch 139 | Loss: 0.0555857871
Epoch 140 | Loss: 0.0495126555
Epoch 141 | Loss: 0.0463914715
Epoch 142 | Loss: 0.0441626130
Epoch 143 | Loss: 0.0425116478
Epoch 144 | Loss: 0.0415694465
Epoch 145 | Loss: 0.0409065169
Epoch 146 | Loss: 0.0402925878
Epoch 147 | Loss: 0.0400839298
Epoch 148 | Loss: 0.0398880908
Epoch 149 | Loss: 0.0397011554
Epoch 150 | Loss: 0.0395546923
Epoch 151 | Loss: 0.0394177640
Epoch 152 | Loss: 0.0393778883
Epoch 153 | Loss: 0.0393097890
Epoch 154 | Loss: 0.0392342913
Epoch 155 | Loss: 0.0392413921
Epoch 156 | Loss: 0.0391748685
Epoch 157 | Loss: 0.0391224974
Epoch 158 | Loss: 0.0390995659
Epoch 159 | Loss: 0.0390593207
Epoch 160 | Loss: 0.0391096292
Epoch 161 | Loss: 0.0390842045
Epoch 162 | Loss: 0.0390476785
Epoch 163 | Loss: 0.0390448573
Epoch 164 | Loss: 0.0389908760
Epoch 165 | Loss: 0.0389984634
Epoch 166 | Loss: 0.0389789044
Epoch 167 | Loss: 0.0389670995
Epoch 168 | Loss: 0.0389452710
Epoch 169 | Loss: 0.0389320167
Epoch 170 | Loss: 0.0389051662
Epoch 171 | Loss: 0.0388754342
Epoch 172 | Loss: 0.0388799084
Epoch 173 | Loss: 0.0389061029
Epoch 174 | Loss: 0.0389214442
Epoch 175 | Loss: 0.0388727012
Epoch 176 | Loss: 0.0388511140
Epoch 177 | Loss: 0.0388581725
Epoch 178 | Loss: 0.0388231297
Epoch 179 | Loss: 0.0388298299
Epoch 180 | Loss: 0.0388650505
Epoch 181 | Loss: 0.0388363943
Epoch 182 | Loss: 0.0387996732
Epoch 183 | Loss: 0.0388062594
Epoch 184 | Loss: 0.0388499880
Epoch 185 | Loss: 0.0388180092
Epoch 186 | Loss: 0.0388382933
Epoch 187 | Loss: 0.0388471677
Epoch 188 | Loss: 0.0389157726
Epoch 189 | Loss: 0.0391013907
Epoch 190 | Loss: 0.0392948589
Epoch 191 | Loss: 0.0399556284
Epoch 192 | Loss: 0.0417085975
Epoch 193 | Loss: 0.0542264349
Epoch 194 | Loss: 0.1022944012
Epoch 195 | Loss: 0.0871709993
Epoch 196 | Loss: 0.0602754311
Epoch 197 | Loss: 0.0504901315
Epoch 198 | Loss: 0.0459368733
Epoch 199 | Loss: 0.0432809900
Epoch 200 | Loss: 0.0415131280
Epoch 201 | Loss: 0.0405692235
Epoch 202 | Loss: 0.0399253966
Epoch 203 | Loss: 0.0395271020
Epoch 204 | Loss: 0.0393075018
Epoch 205 | Loss: 0.0390805195
Epoch 206 | Loss: 0.0389242634
Epoch 207 | Loss: 0.0388572011
Epoch 208 | Loss: 0.0388507366
Epoch 209 | Loss: 0.0387861592
Epoch 210 | Loss: 0.0387593000
Epoch 211 | Loss: 0.0387305222
Epoch 212 | Loss: 0.0387542289
Epoch 213 | Loss: 0.0387162914
Epoch 214 | Loss: 0.0386791703
Epoch 215 | Loss: 0.0386686294
Epoch 216 | Loss: 0.0386446322
Epoch 217 | Loss: 0.0386781175
Epoch 218 | Loss: 0.0386222889
Epoch 219 | Loss: 0.0386079311
Epoch 220 | Loss: 0.0386408187
Epoch 221 | Loss: 0.0385729252
Epoch 222 | Loss: 0.0385671792
Epoch 223 | Loss: 0.0385646004
Epoch 224 | Loss: 0.0385286567
Epoch 225 | Loss: 0.0385379641
Epoch 226 | Loss: 0.0385502942
Epoch 227 | Loss: 0.0385658405
Epoch 228 | Loss: 0.0385302802
Epoch 229 | Loss: 0.0385551469
Epoch 230 | Loss: 0.0385556910
Epoch 231 | Loss: 0.0385217624
Epoch 232 | Loss: 0.0385375744
Epoch 233 | Loss: 0.0385309118
Epoch 234 | Loss: 0.0385004789
Epoch 235 | Loss: 0.0384995643
Epoch 236 | Loss: 0.0385105609
Epoch 237 | Loss: 0.0384890864
Epoch 238 | Loss: 0.0385112500
Epoch 239 | Loss: 0.0385127848
Epoch 240 | Loss: 0.0385160288
Epoch 241 | Loss: 0.0385599996
Epoch 242 | Loss: 0.0385149803
Epoch 243 | Loss: 0.0384915140
Epoch 244 | Loss: 0.0385078239
Epoch 245 | Loss: 0.0384992672
Epoch 246 | Loss: 0.0385103871
Epoch 247 | Loss: 0.0385085780
Epoch 248 | Loss: 0.0384839201
Epoch 249 | Loss: 0.0385358814
Epoch 250 | Loss: 0.0385804404
Epoch 251 | Loss: 0.0387492755
Epoch 252 | Loss: 0.0389921460
Epoch 253 | Loss: 0.0392704577
Epoch 254 | Loss: 0.0398699743
Epoch 255 | Loss: 0.0427195985
Epoch 256 | Loss: 0.0643019021
Epoch 257 | Loss: 0.0961372401
Epoch 258 | Loss: 0.0699613187
Epoch 259 | Loss: 0.0520870374
Epoch 260 | Loss: 0.0459959064
Epoch 261 | Loss: 0.0429184194
Epoch 262 | Loss: 0.0408666404
Epoch 263 | Loss: 0.0397846724
Epoch 264 | Loss: 0.0392991960
Epoch 265 | Loss: 0.0389829686
Epoch 266 | Loss: 0.0388170800
Epoch 267 | Loss: 0.0386655613
Epoch 268 | Loss: 0.0386066121
Epoch 269 | Loss: 0.0385366525
Epoch 270 | Loss: 0.0384942279
Epoch 271 | Loss: 0.0384857019
Epoch 272 | Loss: 0.0384645198
Epoch 273 | Loss: 0.0384013615
Epoch 274 | Loss: 0.0383992427
Epoch 275 | Loss: 0.0383642432
Epoch 276 | Loss: 0.0384118028
Epoch 277 | Loss: 0.0383708992
Epoch 278 | Loss: 0.0383505254
Epoch 279 | Loss: 0.0383534930
Epoch 280 | Loss: 0.0383545872
Epoch 281 | Loss: 0.0383300543
Epoch 282 | Loss: 0.0383305584
Epoch 283 | Loss: 0.0383463174
Epoch 284 | Loss: 0.0383096136
Epoch 285 | Loss: 0.0383152690
Epoch 286 | Loss: 0.0383135013
Epoch 287 | Loss: 0.0383149469
Epoch 288 | Loss: 0.0383206740
Epoch 289 | Loss: 0.0383051359
Epoch 290 | Loss: 0.0382851586
Epoch 291 | Loss: 0.0383118122
Epoch 292 | Loss: 0.0382934338
Epoch 293 | Loss: 0.0383159329
Epoch 294 | Loss: 0.0383088887
Epoch 295 | Loss: 0.0383033520
Epoch 296 | Loss: 0.0383003284
Epoch 297 | Loss: 0.0383075852
Epoch 298 | Loss: 0.0383241779
Epoch 299 | Loss: 0.0382932864
Epoch 300 | Loss: 0.0383210247
Epoch 301 | Loss: 0.0383474395
Epoch 302 | Loss: 0.0383038977
Epoch 303 | Loss: 0.0383546236
Epoch 304 | Loss: 0.0384073677
Epoch 305 | Loss: 0.0383642869
Epoch 306 | Loss: 0.0385042981
Epoch 307 | Loss: 0.0386509793
Epoch 308 | Loss: 0.0389093281
Epoch 309 | Loss: 0.0391668386
Epoch 310 | Loss: 0.0401171236
Epoch 311 | Loss: 0.0429867281
Epoch 312 | Loss: 0.0533669214
Epoch 313 | Loss: 0.0667624817
Epoch 314 | Loss: 0.0601762610
Epoch 315 | Loss: 0.0497994876
Epoch 316 | Loss: 0.0443550181
Epoch 317 | Loss: 0.0416716527
Epoch 318 | Loss: 0.0401476237
Epoch 319 | Loss: 0.0393836174
Epoch 320 | Loss: 0.0387999497
Epoch 321 | Loss: 0.0386263328
Epoch 322 | Loss: 0.0385098917
Epoch 323 | Loss: 0.0383911672
Epoch 324 | Loss: 0.0383121728
Epoch 325 | Loss: 0.0382901111
Epoch 326 | Loss: 0.0382646604
Epoch 327 | Loss: 0.0382466285
Epoch 328 | Loss: 0.0382238546
Epoch 329 | Loss: 0.0382403240
Epoch 330 | Loss: 0.0381926850
Epoch 331 | Loss: 0.0382173446
Epoch 332 | Loss: 0.0382287606
Epoch 333 | Loss: 0.0381961558
Epoch 334 | Loss: 0.0381798785
Epoch 335 | Loss: 0.0381808709
Epoch 336 | Loss: 0.0381612553
Epoch 337 | Loss: 0.0381674920
Epoch 338 | Loss: 0.0381679157
Epoch 339 | Loss: 0.0381611321
Epoch 340 | Loss: 0.0381354856
Epoch 341 | Loss: 0.0381446908
Epoch 342 | Loss: 0.0381589276
Epoch 343 | Loss: 0.0381597988
Epoch 344 | Loss: 0.0381624151
Epoch 345 | Loss: 0.0381659115
Epoch 346 | Loss: 0.0381705990
Epoch 347 | Loss: 0.0381740247
Epoch 348 | Loss: 0.0381440713
Epoch 349 | Loss: 0.0381583006
Epoch 350 | Loss: 0.0381595534
Epoch 351 | Loss: 0.0381344147
Epoch 352 | Loss: 0.0381613272
Epoch 353 | Loss: 0.0381617919
Epoch 354 | Loss: 0.0381696409
Epoch 355 | Loss: 0.0381506004
Epoch 356 | Loss: 0.0381776763
Epoch 357 | Loss: 0.0381506491
Epoch 358 | Loss: 0.0381755897
Epoch 359 | Loss: 0.0381566532
Epoch 360 | Loss: 0.0381909647
Epoch 361 | Loss: 0.0382055911
Epoch 362 | Loss: 0.0382425555
Epoch 363 | Loss: 0.0382155727
Epoch 364 | Loss: 0.0382346087
Epoch 365 | Loss: 0.0383375603
Epoch 366 | Loss: 0.0383443457
Epoch 367 | Loss: 0.0384262808
Epoch 368 | Loss: 0.0384247835
Epoch 369 | Loss: 0.0386054319
Epoch 370 | Loss: 0.0392108588
Epoch 371 | Loss: 0.0408877829
Epoch 372 | Loss: 0.0477928697
Epoch 373 | Loss: 0.0644210601
Epoch 374 | Loss: 0.0616367482
Epoch 375 | Loss: 0.0499302324
Epoch 376 | Loss: 0.0436491759
Epoch 377 | Loss: 0.0410198738
Epoch 378 | Loss: 0.0395611534
Epoch 379 | Loss: 0.0389748762
Epoch 380 | Loss: 0.0386044140
Epoch 381 | Loss: 0.0383629235
Epoch 382 | Loss: 0.0382481639
Epoch 383 | Loss: 0.0381971001
Epoch 384 | Loss: 0.0381320372
Epoch 385 | Loss: 0.0381056288
Epoch 386 | Loss: 0.0380821845
Epoch 387 | Loss: 0.0380648653
Epoch 388 | Loss: 0.0380511476
Epoch 389 | Loss: 0.0380345508
Epoch 390 | Loss: 0.0380028995
Epoch 391 | Loss: 0.0380281393
Epoch 392 | Loss: 0.0380221434
Epoch 393 | Loss: 0.0380212107
Epoch 394 | Loss: 0.0380139799
Epoch 395 | Loss: 0.0380145564
Epoch 396 | Loss: 0.0380204758
Epoch 397 | Loss: 0.0380107701
Epoch 398 | Loss: 0.0380112492
Epoch 399 | Loss: 0.0380066751
Epoch 400 | Loss: 0.0379757155
Epoch 401 | Loss: 0.0379853792
Epoch 402 | Loss: 0.0380071361
Epoch 403 | Loss: 0.0380141322
Epoch 404 | Loss: 0.0380096947
Epoch 405 | Loss: 0.0380046460
Epoch 406 | Loss: 0.0379991789
Epoch 407 | Loss: 0.0380039957
Epoch 408 | Loss: 0.0380245597
Epoch 409 | Loss: 0.0380016711
Epoch 410 | Loss: 0.0380264014
Epoch 411 | Loss: 0.0379994146
Epoch 412 | Loss: 0.0380117048
Epoch 413 | Loss: 0.0380164674
Epoch 414 | Loss: 0.0380103197
Epoch 415 | Loss: 0.0380152508
Epoch 416 | Loss: 0.0380295130
Epoch 417 | Loss: 0.0379883350
Epoch 418 | Loss: 0.0380359409
Epoch 419 | Loss: 0.0380471183
Epoch 420 | Loss: 0.0380570305
Epoch 421 | Loss: 0.0380318905
Epoch 422 | Loss: 0.0380223546
Epoch 423 | Loss: 0.0380457779
Epoch 424 | Loss: 0.0380563887
Epoch 425 | Loss: 0.0380428098
Epoch 426 | Loss: 0.0380690393
Epoch 427 | Loss: 0.0380932288
Epoch 428 | Loss: 0.0380894995
Epoch 429 | Loss: 0.0381772429
Epoch 430 | Loss: 0.0382818131
Epoch 431 | Loss: 0.0383030628
Epoch 432 | Loss: 0.0386093297
Epoch 433 | Loss: 0.0391152515
Epoch 434 | Loss: 0.0402860049
Epoch 435 | Loss: 0.0451245983
Epoch 436 | Loss: 0.0563668510
Epoch 437 | Loss: 0.0572237274
Epoch 438 | Loss: 0.0485424078
Epoch 439 | Loss: 0.0432062528
Epoch 440 | Loss: 0.0406928731
Epoch 441 | Loss: 0.0393471256
Epoch 442 | Loss: 0.0385652685
Epoch 443 | Loss: 0.0382918447
Epoch 444 | Loss: 0.0381231946
Epoch 445 | Loss: 0.0380722175
Epoch 446 | Loss: 0.0379934004
Epoch 447 | Loss: 0.0379509853
Epoch 448 | Loss: 0.0379530024
Epoch 449 | Loss: 0.0379245948
Epoch 450 | Loss: 0.0379136014
Epoch 451 | Loss: 0.0378981488
Epoch 452 | Loss: 0.0378977893
Epoch 453 | Loss: 0.0378902127
Epoch 454 | Loss: 0.0379002085
Epoch 455 | Loss: 0.0378769454
Epoch 456 | Loss: 0.0378960188
Epoch 457 | Loss: 0.0378816331
Epoch 458 | Loss: 0.0378870817
Epoch 459 | Loss: 0.0378773546
Epoch 460 | Loss: 0.0379011656
Epoch 461 | Loss: 0.0378689261
Epoch 462 | Loss: 0.0378587960
Epoch 463 | Loss: 0.0378715441
Epoch 464 | Loss: 0.0378827385
Epoch 465 | Loss: 0.0378839302
Epoch 466 | Loss: 0.0378781128
Epoch 467 | Loss: 0.0378894555
Epoch 468 | Loss: 0.0379090861
Epoch 469 | Loss: 0.0378840921
Epoch 470 | Loss: 0.0378815693
Epoch 471 | Loss: 0.0378980501
Epoch 472 | Loss: 0.0378962741
Epoch 473 | Loss: 0.0379054044
Epoch 474 | Loss: 0.0379174729
Epoch 475 | Loss: 0.0379055731
Epoch 476 | Loss: 0.0378794439
Epoch 477 | Loss: 0.0379084984
Epoch 478 | Loss: 0.0378837268
Epoch 479 | Loss: 0.0379092983
Epoch 480 | Loss: 0.0379059059
Epoch 481 | Loss: 0.0379277597
Epoch 482 | Loss: 0.0379055537
Epoch 483 | Loss: 0.0379138945
Epoch 484 | Loss: 0.0379223433
Epoch 485 | Loss: 0.0379419285
Epoch 486 | Loss: 0.0379222136
Epoch 487 | Loss: 0.0379232609
Epoch 488 | Loss: 0.0379374695
Epoch 489 | Loss: 0.0379971571
Epoch 490 | Loss: 0.0380470882
Epoch 491 | Loss: 0.0381887487
Epoch 492 | Loss: 0.0384027406
Epoch 493 | Loss: 0.0388905876
Epoch 494 | Loss: 0.0400423277
Epoch 495 | Loss: 0.0445284831
Epoch 496 | Loss: 0.0515157916
Epoch 497 | Loss: 0.0507210425
Epoch 498 | Loss: 0.0458426587
Epoch 499 | Loss: 0.0420675959
Epoch 500 | Loss: 0.0400163492
Saving to icd10_tokenizer_simple...
Done! Files saved.
