
[Verification] Tokenizing 'A00':
   Tokens: [4]
----------------------------------------
Starting Training (Split Token Strategy)...
Epoch 1 | Train Loss: 1.0241335680 Val Loss: 0.4967889587 Best Loss: 0.4967889587
Epoch 2 | Train Loss: 0.4751345499 Val Loss: 0.4686361982 Best Loss: 0.4686361982
Epoch 3 | Train Loss: 0.4661345192 Val Loss: 0.4628206491 Best Loss: 0.4628206491
Epoch 4 | Train Loss: 0.4541324046 Val Loss: 0.4389589230 Best Loss: 0.4389589230
Epoch 5 | Train Loss: 0.4189987679 Val Loss: 0.4046283695 Best Loss: 0.4046283695
Epoch 6 | Train Loss: 0.3988734045 Val Loss: 0.3961696492 Best Loss: 0.3961696492
Epoch 7 | Train Loss: 0.3935012312 Val Loss: 0.3922289809 Best Loss: 0.3922289809
Epoch 8 | Train Loss: 0.3889285367 Val Loss: 0.3861972358 Best Loss: 0.3861972358
Epoch 9 | Train Loss: 0.3818099995 Val Loss: 0.3791612850 Best Loss: 0.3791612850
Epoch 10 | Train Loss: 0.4267135569 Val Loss: 0.4052449034 Best Loss: 0.3791612850
Epoch 11 | Train Loss: 0.3974189104 Val Loss: 0.3943482571 Best Loss: 0.3791612850
Epoch 12 | Train Loss: 0.3913834873 Val Loss: 0.3906148871 Best Loss: 0.3791612850
Epoch 13 | Train Loss: 0.3884832950 Val Loss: 0.3878535463 Best Loss: 0.3791612850
Epoch 14 | Train Loss: 0.3852071729 Val Loss: 0.3847814335 Best Loss: 0.3791612850
Epoch 15 | Train Loss: 0.3823046105 Val Loss: 0.3815928068 Best Loss: 0.3791612850
Epoch 16 | Train Loss: 0.3791206628 Val Loss: 0.3791247474 Best Loss: 0.3791247474
Epoch 17 | Train Loss: 0.3761706700 Val Loss: 0.3768164118 Best Loss: 0.3768164118
Epoch 18 | Train Loss: 0.3733951905 Val Loss: 0.3737117449 Best Loss: 0.3737117449
Epoch 19 | Train Loss: 0.3689565965 Val Loss: 0.3669249813 Best Loss: 0.3669249813
Epoch 20 | Train Loss: 0.3630992522 Val Loss: 0.3625926409 Best Loss: 0.3625926409
Epoch 21 | Train Loss: 0.3591816425 Val Loss: 0.3585569031 Best Loss: 0.3585569031
Epoch 22 | Train Loss: 0.3664441862 Val Loss: 0.3594171372 Best Loss: 0.3585569031
Epoch 23 | Train Loss: 0.3539822424 Val Loss: 0.3535195423 Best Loss: 0.3535195423
Epoch 24 | Train Loss: 0.3486440389 Val Loss: 0.3480893274 Best Loss: 0.3480893274
Epoch 25 | Train Loss: 0.3442755375 Val Loss: 0.3471900788 Best Loss: 0.3471900788
Epoch 26 | Train Loss: 0.3440412846 Val Loss: 0.3515445656 Best Loss: 0.3471900788
Epoch 27 | Train Loss: 0.3413728691 Val Loss: 0.3401431541 Best Loss: 0.3401431541
Epoch 28 | Train Loss: 0.3352792387 Val Loss: 0.3380719059 Best Loss: 0.3380719059
Epoch 29 | Train Loss: 0.3358616481 Val Loss: 0.3400765955 Best Loss: 0.3380719059
Epoch 30 | Train Loss: 0.3314041321 Val Loss: 0.3326039116 Best Loss: 0.3326039116
Epoch 31 | Train Loss: 0.3270527066 Val Loss: 0.3301439948 Best Loss: 0.3301439948
Epoch 32 | Train Loss: 0.3239331196 Val Loss: 0.3283583555 Best Loss: 0.3283583555
Epoch 33 | Train Loss: 0.3219979207 Val Loss: 0.3259271516 Best Loss: 0.3259271516
Epoch 34 | Train Loss: 0.3205888205 Val Loss: 0.3273115787 Best Loss: 0.3259271516
Epoch 35 | Train Loss: 0.3174131380 Val Loss: 0.3227256272 Best Loss: 0.3227256272
Epoch 36 | Train Loss: 0.3154413733 Val Loss: 0.3259902928 Best Loss: 0.3227256272
Epoch 37 | Train Loss: 0.3137957023 Val Loss: 0.3186691966 Best Loss: 0.3186691966
Epoch 38 | Train Loss: 0.3118216495 Val Loss: 0.3194313811 Best Loss: 0.3186691966
Epoch 39 | Train Loss: 0.3094906501 Val Loss: 0.3162486056 Best Loss: 0.3162486056
Epoch 40 | Train Loss: 0.3098949244 Val Loss: 0.3198653393 Best Loss: 0.3162486056
Epoch 41 | Train Loss: 0.3068348062 Val Loss: 0.3150006897 Best Loss: 0.3150006897
Epoch 42 | Train Loss: 0.3049708265 Val Loss: 0.3137608866 Best Loss: 0.3137608866
Epoch 43 | Train Loss: 0.3029009418 Val Loss: 0.3134926226 Best Loss: 0.3134926226
Epoch 44 | Train Loss: 0.3014034066 Val Loss: 0.3127533032 Best Loss: 0.3127533032
Epoch 45 | Train Loss: 0.2993707508 Val Loss: 0.3122040927 Best Loss: 0.3122040927
Epoch 46 | Train Loss: 0.2993922498 Val Loss: 0.3118161129 Best Loss: 0.3118161129
Epoch 47 | Train Loss: 0.2978776669 Val Loss: 0.3128619360 Best Loss: 0.3118161129
Epoch 48 | Train Loss: 0.2954502056 Val Loss: 0.3104558786 Best Loss: 0.3104558786
Epoch 49 | Train Loss: 0.2957326439 Val Loss: 0.3127910064 Best Loss: 0.3104558786
Epoch 50 | Train Loss: 0.2924973526 Val Loss: 0.3106981814 Best Loss: 0.3104558786
Epoch 51 | Train Loss: 0.2908560054 Val Loss: 0.3103132447 Best Loss: 0.3103132447
Epoch 52 | Train Loss: 0.2892297233 Val Loss: 0.3102715876 Best Loss: 0.3102715876
Epoch 53 | Train Loss: 0.2879270340 Val Loss: 0.3105982012 Best Loss: 0.3102715876
Epoch 54 | Train Loss: 0.2869932031 Val Loss: 0.3121748832 Best Loss: 0.3102715876
Epoch 55 | Train Loss: 0.2841410422 Val Loss: 0.3122138679 Best Loss: 0.3102715876
Epoch 56 | Train Loss: 0.2840186175 Val Loss: 0.3128846586 Best Loss: 0.3102715876
Epoch 57 | Train Loss: 0.2803423413 Val Loss: 0.3118607468 Best Loss: 0.3102715876
Epoch 58 | Train Loss: 0.2782770023 Val Loss: 0.3128634327 Best Loss: 0.3102715876
Epoch 59 | Train Loss: 0.2810840300 Val Loss: 0.3135526644 Best Loss: 0.3102715876
Epoch 60 | Train Loss: 0.2741786457 Val Loss: 0.3140044411 Best Loss: 0.3102715876
Epoch 61 | Train Loss: 0.2723697548 Val Loss: 0.3150420884 Best Loss: 0.3102715876
Epoch 62 | Train Loss: 0.2680943236 Val Loss: 0.3173382911 Best Loss: 0.3102715876
Epoch 63 | Train Loss: 0.2724105120 Val Loss: 0.3173254861 Best Loss: 0.3102715876
Epoch 64 | Train Loss: 0.2641426130 Val Loss: 0.3179358641 Best Loss: 0.3102715876
Epoch 65 | Train Loss: 0.2591560574 Val Loss: 0.3199330105 Best Loss: 0.3102715876
Epoch 66 | Train Loss: 0.2565078048 Val Loss: 0.3236910734 Best Loss: 0.3102715876
Epoch 67 | Train Loss: 0.2526978461 Val Loss: 0.3259194295 Best Loss: 0.3102715876
Epoch 68 | Train Loss: 0.2461246844 Val Loss: 0.3274826937 Best Loss: 0.3102715876
Epoch 69 | Train Loss: 0.2410382173 Val Loss: 0.3309756849 Best Loss: 0.3102715876
Epoch 70 | Train Loss: 0.2340714186 Val Loss: 0.3379139404 Best Loss: 0.3102715876
Epoch 71 | Train Loss: 0.2300664344 Val Loss: 0.3375165363 Best Loss: 0.3102715876
Epoch 72 | Train Loss: 0.2208629582 Val Loss: 0.3432580597 Best Loss: 0.3102715876
Epoch 73 | Train Loss: 0.2130941699 Val Loss: 0.3524480429 Best Loss: 0.3102715876
Epoch 74 | Train Loss: 0.2055314957 Val Loss: 0.3564336863 Best Loss: 0.3102715876
Epoch 75 | Train Loss: 0.1941638875 Val Loss: 0.3632387784 Best Loss: 0.3102715876
Epoch 76 | Train Loss: 0.1856257617 Val Loss: 0.3695578873 Best Loss: 0.3102715876
Epoch 77 | Train Loss: 0.1755802437 Val Loss: 0.3801694115 Best Loss: 0.3102715876
Epoch 78 | Train Loss: 0.1618370853 Val Loss: 0.3875967297 Best Loss: 0.3102715876
Epoch 79 | Train Loss: 0.1519076000 Val Loss: 0.4030433198 Best Loss: 0.3102715876
Epoch 80 | Train Loss: 0.1423869895 Val Loss: 0.4066904220 Best Loss: 0.3102715876
Epoch 81 | Train Loss: 0.1332761885 Val Loss: 0.4181309707 Best Loss: 0.3102715876
Epoch 82 | Train Loss: 0.1248335886 Val Loss: 0.4218094250 Best Loss: 0.3102715876
Epoch 83 | Train Loss: 0.1213890192 Val Loss: 0.4341261023 Best Loss: 0.3102715876
Epoch 84 | Train Loss: 0.1121435465 Val Loss: 0.4377442698 Best Loss: 0.3102715876
Epoch 85 | Train Loss: 0.1058455184 Val Loss: 0.4483856989 Best Loss: 0.3102715876
Epoch 86 | Train Loss: 0.1013089601 Val Loss: 0.4584273563 Best Loss: 0.3102715876
Epoch 87 | Train Loss: 0.0972221730 Val Loss: 0.4608857234 Best Loss: 0.3102715876
Epoch 88 | Train Loss: 0.0928645610 Val Loss: 0.4686619904 Best Loss: 0.3102715876
Epoch 89 | Train Loss: 0.0938992608 Val Loss: 0.4692296452 Best Loss: 0.3102715876
Epoch 90 | Train Loss: 0.0861478862 Val Loss: 0.4758515855 Best Loss: 0.3102715876
Epoch 91 | Train Loss: 0.0858754311 Val Loss: 0.4803993338 Best Loss: 0.3102715876
Epoch 92 | Train Loss: 0.0801536834 Val Loss: 0.4852278233 Best Loss: 0.3102715876
Epoch 93 | Train Loss: 0.0787414815 Val Loss: 0.4929482771 Best Loss: 0.3102715876
Epoch 94 | Train Loss: 0.0754511538 Val Loss: 0.4996489353 Best Loss: 0.3102715876
Epoch 95 | Train Loss: 0.0735253207 Val Loss: 0.5051153368 Best Loss: 0.3102715876
Epoch 96 | Train Loss: 0.0756526409 Val Loss: 0.5039138794 Best Loss: 0.3102715876
Epoch 97 | Train Loss: 0.0742975405 Val Loss: 0.5040872693 Best Loss: 0.3102715876
Epoch 98 | Train Loss: 0.0700534239 Val Loss: 0.5141647127 Best Loss: 0.3102715876
Epoch 99 | Train Loss: 0.0668673925 Val Loss: 0.5217669805 Best Loss: 0.3102715876
Epoch 100 | Train Loss: 0.0649346045 Val Loss: 0.5224671894 Best Loss: 0.3102715876
Epoch 101 | Train Loss: 0.0674298226 Val Loss: 0.5212906367 Best Loss: 0.3102715876
Epoch 102 | Train Loss: 0.0634711560 Val Loss: 0.5288732482 Best Loss: 0.3102715876
Epoch 103 | Train Loss: 0.0622097574 Val Loss: 0.5353880591 Best Loss: 0.3102715876
Epoch 104 | Train Loss: 0.0611661233 Val Loss: 0.5392724342 Best Loss: 0.3102715876
Epoch 105 | Train Loss: 0.0656065118 Val Loss: 0.5248893400 Best Loss: 0.3102715876
Epoch 106 | Train Loss: 0.0745458657 Val Loss: 0.5292313198 Best Loss: 0.3102715876
Epoch 107 | Train Loss: 0.0654769089 Val Loss: 0.5317461524 Best Loss: 0.3102715876
Epoch 108 | Train Loss: 0.0633932678 Val Loss: 0.5391323434 Best Loss: 0.3102715876
Epoch 109 | Train Loss: 0.0609619551 Val Loss: 0.5410892434 Best Loss: 0.3102715876
Epoch 110 | Train Loss: 0.0629448424 Val Loss: 0.5410733422 Best Loss: 0.3102715876
Epoch 111 | Train Loss: 0.0600385070 Val Loss: 0.5482956767 Best Loss: 0.3102715876
Epoch 112 | Train Loss: 0.0582933397 Val Loss: 0.5538833671 Best Loss: 0.3102715876
Epoch 113 | Train Loss: 0.0578025099 Val Loss: 0.5556809306 Best Loss: 0.3102715876
Epoch 114 | Train Loss: 0.0575470850 Val Loss: 0.5610764358 Best Loss: 0.3102715876
Epoch 115 | Train Loss: 0.0572233307 Val Loss: 0.5579364962 Best Loss: 0.3102715876
Epoch 116 | Train Loss: 0.0566746912 Val Loss: 0.5626477732 Best Loss: 0.3102715876
Epoch 117 | Train Loss: 0.0562803448 Val Loss: 0.5685492820 Best Loss: 0.3102715876
Epoch 118 | Train Loss: 0.0561272037 Val Loss: 0.5661520229 Best Loss: 0.3102715876
Epoch 119 | Train Loss: 0.0702672886 Val Loss: 0.5411531925 Best Loss: 0.3102715876
Epoch 120 | Train Loss: 0.0632388837 Val Loss: 0.5472756161 Best Loss: 0.3102715876
Epoch 121 | Train Loss: 0.0609018449 Val Loss: 0.5545967155 Best Loss: 0.3102715876
Epoch 122 | Train Loss: 0.0590926165 Val Loss: 0.5607260995 Best Loss: 0.3102715876
Epoch 123 | Train Loss: 0.0582312569 Val Loss: 0.5627240274 Best Loss: 0.3102715876
Epoch 124 | Train Loss: 0.0655962003 Val Loss: 0.5519616273 Best Loss: 0.3102715876
Epoch 125 | Train Loss: 0.0637467380 Val Loss: 0.5544873277 Best Loss: 0.3102715876
Epoch 126 | Train Loss: 0.0598760838 Val Loss: 0.5607515441 Best Loss: 0.3102715876
Epoch 127 | Train Loss: 0.0633098683 Val Loss: 0.5511988997 Best Loss: 0.3102715876
Epoch 128 | Train Loss: 0.0604690284 Val Loss: 0.5594544080 Best Loss: 0.3102715876
Epoch 129 | Train Loss: 0.0578849709 Val Loss: 0.5662696494 Best Loss: 0.3102715876
Epoch 130 | Train Loss: 0.0566992261 Val Loss: 0.5665791498 Best Loss: 0.3102715876
Epoch 131 | Train Loss: 0.0560869848 Val Loss: 0.5737405022 Best Loss: 0.3102715876
Epoch 132 | Train Loss: 0.0554769639 Val Loss: 0.5851922697 Best Loss: 0.3102715876
Epoch 133 | Train Loss: 0.0552399648 Val Loss: 0.5792228712 Best Loss: 0.3102715876
Epoch 134 | Train Loss: 0.0551944934 Val Loss: 0.5844208466 Best Loss: 0.3102715876
Epoch 135 | Train Loss: 0.0548804839 Val Loss: 0.5821896460 Best Loss: 0.3102715876
Epoch 136 | Train Loss: 0.0545896147 Val Loss: 0.5870912406 Best Loss: 0.3102715876
Epoch 137 | Train Loss: 0.0543488206 Val Loss: 0.5943181581 Best Loss: 0.3102715876
Epoch 138 | Train Loss: 0.0542909333 Val Loss: 0.5881067382 Best Loss: 0.3102715876
Epoch 139 | Train Loss: 0.0539422119 Val Loss: 0.5941065285 Best Loss: 0.3102715876
Epoch 140 | Train Loss: 0.0549997059 Val Loss: 0.5814001494 Best Loss: 0.3102715876
Epoch 141 | Train Loss: 0.0551946038 Val Loss: 0.5893167588 Best Loss: 0.3102715876
Epoch 142 | Train Loss: 0.0542992722 Val Loss: 0.5887629456 Best Loss: 0.3102715876
Epoch 143 | Train Loss: 0.0541392167 Val Loss: 0.5874958171 Best Loss: 0.3102715876
Epoch 144 | Train Loss: 0.0541418866 Val Loss: 0.5823678308 Best Loss: 0.3102715876
Epoch 145 | Train Loss: 0.0543705901 Val Loss: 0.5891227921 Best Loss: 0.3102715876
Epoch 146 | Train Loss: 0.0545050470 Val Loss: 0.5888624125 Best Loss: 0.3102715876
Epoch 147 | Train Loss: 0.0545728335 Val Loss: 0.5838533905 Best Loss: 0.3102715876
Epoch 148 | Train Loss: 0.0668981560 Val Loss: 0.5587300195 Best Loss: 0.3102715876
Epoch 149 | Train Loss: 0.0635752016 Val Loss: 0.5607868764 Best Loss: 0.3102715876
Epoch 150 | Train Loss: 0.0650546320 Val Loss: 0.5622086260 Best Loss: 0.3102715876
Epoch 151 | Train Loss: 0.0657113635 Val Loss: 0.5529090166 Best Loss: 0.3102715876
Epoch 152 | Train Loss: 0.0641149800 Val Loss: 0.5581456886 Best Loss: 0.3102715876
Epoch 153 | Train Loss: 0.0615876810 Val Loss: 0.5620942050 Best Loss: 0.3102715876
Epoch 154 | Train Loss: 0.0597454681 Val Loss: 0.5706914398 Best Loss: 0.3102715876
Epoch 155 | Train Loss: 0.0582362607 Val Loss: 0.5665495263 Best Loss: 0.3102715876
Epoch 156 | Train Loss: 0.0565018276 Val Loss: 0.5801120268 Best Loss: 0.3102715876
Epoch 157 | Train Loss: 0.0554731408 Val Loss: 0.5830196341 Best Loss: 0.3102715876
Epoch 158 | Train Loss: 0.0549428542 Val Loss: 0.5819414324 Best Loss: 0.3102715876
Epoch 159 | Train Loss: 0.0543632931 Val Loss: 0.5930235982 Best Loss: 0.3102715876
Epoch 160 | Train Loss: 0.0606838420 Val Loss: 0.5649378167 Best Loss: 0.3102715876
Epoch 161 | Train Loss: 0.0578989983 Val Loss: 0.5828559266 Best Loss: 0.3102715876
Epoch 162 | Train Loss: 0.0553224491 Val Loss: 0.5841441353 Best Loss: 0.3102715876
Epoch 163 | Train Loss: 0.0543500685 Val Loss: 0.5918532080 Best Loss: 0.3102715876
Epoch 164 | Train Loss: 0.0536966282 Val Loss: 0.5951248540 Best Loss: 0.3102715876
Epoch 165 | Train Loss: 0.0532895157 Val Loss: 0.6004073819 Best Loss: 0.3102715876
Epoch 166 | Train Loss: 0.0529697691 Val Loss: 0.5963066618 Best Loss: 0.3102715876
Epoch 167 | Train Loss: 0.0528704659 Val Loss: 0.6030387812 Best Loss: 0.3102715876
Epoch 168 | Train Loss: 0.0526770735 Val Loss: 0.6072256962 Best Loss: 0.3102715876
Epoch 169 | Train Loss: 0.0525046401 Val Loss: 0.6131757233 Best Loss: 0.3102715876
Epoch 170 | Train Loss: 0.0523644634 Val Loss: 0.6095562776 Best Loss: 0.3102715876
Epoch 171 | Train Loss: 0.0522838381 Val Loss: 0.6176420450 Best Loss: 0.3102715876
Epoch 172 | Train Loss: 0.0522779549 Val Loss: 0.6155860556 Best Loss: 0.3102715876
Epoch 173 | Train Loss: 0.0522936560 Val Loss: 0.6159523328 Best Loss: 0.3102715876
Epoch 174 | Train Loss: 0.0522578848 Val Loss: 0.6142972774 Best Loss: 0.3102715876
Epoch 175 | Train Loss: 0.0524915869 Val Loss: 0.6134929260 Best Loss: 0.3102715876
Epoch 176 | Train Loss: 0.0527361675 Val Loss: 0.6044399275 Best Loss: 0.3102715876
Epoch 177 | Train Loss: 0.0527537264 Val Loss: 0.6075864368 Best Loss: 0.3102715876
Epoch 178 | Train Loss: 0.0528006753 Val Loss: 0.6089600656 Best Loss: 0.3102715876
Epoch 179 | Train Loss: 0.0528799423 Val Loss: 0.6074191795 Best Loss: 0.3102715876
Epoch 180 | Train Loss: 0.0529989468 Val Loss: 0.6060339411 Best Loss: 0.3102715876
Epoch 181 | Train Loss: 0.0533749016 Val Loss: 0.6031828390 Best Loss: 0.3102715876
Epoch 182 | Train Loss: 0.0539049336 Val Loss: 0.6004264620 Best Loss: 0.3102715876
Epoch 183 | Train Loss: 0.0549230547 Val Loss: 0.5942572289 Best Loss: 0.3102715876
Epoch 184 | Train Loss: 0.3073865136 Val Loss: 0.3641705679 Best Loss: 0.3102715876
Epoch 185 | Train Loss: 0.3342009493 Val Loss: 0.3315173090 Best Loss: 0.3102715876
Epoch 186 | Train Loss: 0.3081782891 Val Loss: 0.3238554332 Best Loss: 0.3102715876
Epoch 187 | Train Loss: 0.2919772069 Val Loss: 0.3321320779 Best Loss: 0.3102715876
Epoch 188 | Train Loss: 0.2713760071 Val Loss: 0.3429228432 Best Loss: 0.3102715876
Epoch 189 | Train Loss: 0.2379011504 Val Loss: 0.3811445501 Best Loss: 0.3102715876
Epoch 190 | Train Loss: 0.1805564600 Val Loss: 0.4312679337 Best Loss: 0.3102715876
Epoch 191 | Train Loss: 0.1247843798 Val Loss: 0.4598833654 Best Loss: 0.3102715876
Epoch 192 | Train Loss: 0.0891098028 Val Loss: 0.5017204053 Best Loss: 0.3102715876
Epoch 193 | Train Loss: 0.0697404138 Val Loss: 0.5189740327 Best Loss: 0.3102715876
Epoch 194 | Train Loss: 0.0642839238 Val Loss: 0.5365194215 Best Loss: 0.3102715876
Epoch 195 | Train Loss: 0.0588887643 Val Loss: 0.5407315426 Best Loss: 0.3102715876
Epoch 196 | Train Loss: 0.0558165472 Val Loss: 0.5610937476 Best Loss: 0.3102715876
Epoch 197 | Train Loss: 0.0544587613 Val Loss: 0.5719021691 Best Loss: 0.3102715876
Epoch 198 | Train Loss: 0.0535122888 Val Loss: 0.5751973788 Best Loss: 0.3102715876
Epoch 199 | Train Loss: 0.0529255645 Val Loss: 0.5754987333 Best Loss: 0.3102715876
Epoch 200 | Train Loss: 0.0566642930 Val Loss: 0.5667247574 Best Loss: 0.3102715876
Epoch 201 | Train Loss: 0.0543155975 Val Loss: 0.5769886043 Best Loss: 0.3102715876
Epoch 202 | Train Loss: 0.0528360700 Val Loss: 0.5814499325 Best Loss: 0.3102715876
Epoch 203 | Train Loss: 0.0523711956 Val Loss: 0.5888240735 Best Loss: 0.3102715876
Epoch 204 | Train Loss: 0.0521272332 Val Loss: 0.5915981332 Best Loss: 0.3102715876
Epoch 205 | Train Loss: 0.0519453481 Val Loss: 0.5943759415 Best Loss: 0.3102715876
Epoch 206 | Train Loss: 0.0518043102 Val Loss: 0.5983835128 Best Loss: 0.3102715876
Epoch 207 | Train Loss: 0.0517197551 Val Loss: 0.6012187335 Best Loss: 0.3102715876
Epoch 208 | Train Loss: 0.0515912783 Val Loss: 0.6101742652 Best Loss: 0.3102715876
Epoch 209 | Train Loss: 0.0515108575 Val Loss: 0.6104684207 Best Loss: 0.3102715876
Epoch 210 | Train Loss: 0.0514716528 Val Loss: 0.6101225085 Best Loss: 0.3102715876
Epoch 211 | Train Loss: 0.0514220407 Val Loss: 0.6159456174 Best Loss: 0.3102715876
Epoch 212 | Train Loss: 0.0513886793 Val Loss: 0.6125076413 Best Loss: 0.3102715876
Epoch 213 | Train Loss: 0.0513369952 Val Loss: 0.6160023676 Best Loss: 0.3102715876
Epoch 214 | Train Loss: 0.0513710384 Val Loss: 0.6125393642 Best Loss: 0.3102715876
Epoch 215 | Train Loss: 0.0700013805 Val Loss: 0.5580887794 Best Loss: 0.3102715876
Epoch 216 | Train Loss: 0.0657209929 Val Loss: 0.5631675919 Best Loss: 0.3102715876
Epoch 217 | Train Loss: 0.0597806378 Val Loss: 0.5735263824 Best Loss: 0.3102715876
Epoch 218 | Train Loss: 0.0573865273 Val Loss: 0.5820145342 Best Loss: 0.3102715876
Epoch 219 | Train Loss: 0.0549446098 Val Loss: 0.5869910187 Best Loss: 0.3102715876
Epoch 220 | Train Loss: 0.0536191194 Val Loss: 0.5938439634 Best Loss: 0.3102715876
Epoch 221 | Train Loss: 0.0528974325 Val Loss: 0.6011025045 Best Loss: 0.3102715876
Epoch 222 | Train Loss: 0.0524526350 Val Loss: 0.6013553540 Best Loss: 0.3102715876
Epoch 223 | Train Loss: 0.0525292042 Val Loss: 0.6104412079 Best Loss: 0.3102715876
Epoch 224 | Train Loss: 0.0523837897 Val Loss: 0.6023573147 Best Loss: 0.3102715876
Epoch 225 | Train Loss: 0.0520643526 Val Loss: 0.6063742174 Best Loss: 0.3102715876
Epoch 226 | Train Loss: 0.0516575006 Val Loss: 0.6169779301 Best Loss: 0.3102715876
Epoch 227 | Train Loss: 0.0515089986 Val Loss: 0.6149246958 Best Loss: 0.3102715876
Epoch 228 | Train Loss: 0.0514883578 Val Loss: 0.6192203760 Best Loss: 0.3102715876
Epoch 229 | Train Loss: 0.0513904774 Val Loss: 0.6265217198 Best Loss: 0.3102715876
Epoch 230 | Train Loss: 0.0512789127 Val Loss: 0.6286260287 Best Loss: 0.3102715876
Epoch 231 | Train Loss: 0.0511939740 Val Loss: 0.6338023610 Best Loss: 0.3102715876
Epoch 232 | Train Loss: 0.0511461189 Val Loss: 0.6320489049 Best Loss: 0.3102715876
Epoch 233 | Train Loss: 0.0511616851 Val Loss: 0.6290133927 Best Loss: 0.3102715876
Epoch 234 | Train Loss: 0.0511010319 Val Loss: 0.6325977643 Best Loss: 0.3102715876
Epoch 235 | Train Loss: 0.0510763545 Val Loss: 0.6331356698 Best Loss: 0.3102715876
Epoch 236 | Train Loss: 0.0510605193 Val Loss: 0.6397825016 Best Loss: 0.3102715876
Epoch 237 | Train Loss: 0.0510437736 Val Loss: 0.6351439555 Best Loss: 0.3102715876
Epoch 238 | Train Loss: 0.0511330102 Val Loss: 0.6345157027 Best Loss: 0.3102715876
Epoch 239 | Train Loss: 0.0511066783 Val Loss: 0.6349006957 Best Loss: 0.3102715876
Epoch 240 | Train Loss: 0.0512277416 Val Loss: 0.6328888204 Best Loss: 0.3102715876
Epoch 241 | Train Loss: 0.0513859793 Val Loss: 0.6297492782 Best Loss: 0.3102715876
Epoch 242 | Train Loss: 0.0515200323 Val Loss: 0.6323225697 Best Loss: 0.3102715876
Epoch 243 | Train Loss: 0.0553624492 Val Loss: 0.5964101487 Best Loss: 0.3102715876
Epoch 244 | Train Loss: 0.0662882813 Val Loss: 0.5749147534 Best Loss: 0.3102715876
Epoch 245 | Train Loss: 0.0658741695 Val Loss: 0.5721363690 Best Loss: 0.3102715876
Epoch 246 | Train Loss: 0.0642254477 Val Loss: 0.5730109745 Best Loss: 0.3102715876
Epoch 247 | Train Loss: 0.0616094889 Val Loss: 0.5786652830 Best Loss: 0.3102715876
Epoch 248 | Train Loss: 0.0583634028 Val Loss: 0.5873155528 Best Loss: 0.3102715876
Epoch 249 | Train Loss: 0.0558455391 Val Loss: 0.5914914211 Best Loss: 0.3102715876
Epoch 250 | Train Loss: 0.0541768375 Val Loss: 0.6026597023 Best Loss: 0.3102715876
Epoch 251 | Train Loss: 0.0531477113 Val Loss: 0.6051226325 Best Loss: 0.3102715876
Epoch 252 | Train Loss: 0.0524399240 Val Loss: 0.6156343420 Best Loss: 0.3102715876
Epoch 253 | Train Loss: 0.0519373783 Val Loss: 0.6222610871 Best Loss: 0.3102715876
Epoch 254 | Train Loss: 0.0516756375 Val Loss: 0.6290303138 Best Loss: 0.3102715876
Epoch 255 | Train Loss: 0.0514276063 Val Loss: 0.6273201638 Best Loss: 0.3102715876
Epoch 256 | Train Loss: 0.0513045733 Val Loss: 0.6337135699 Best Loss: 0.3102715876
Epoch 257 | Train Loss: 0.0512221487 Val Loss: 0.6363351610 Best Loss: 0.3102715876
Epoch 258 | Train Loss: 0.0511041456 Val Loss: 0.6366250780 Best Loss: 0.3102715876
Epoch 259 | Train Loss: 0.0510009597 Val Loss: 0.6384810805 Best Loss: 0.3102715876
Epoch 260 | Train Loss: 0.0509431939 Val Loss: 0.6436127226 Best Loss: 0.3102715876
Epoch 261 | Train Loss: 0.0508520671 Val Loss: 0.6460371017 Best Loss: 0.3102715876
Epoch 262 | Train Loss: 0.0508257823 Val Loss: 0.6445327004 Best Loss: 0.3102715876
Epoch 263 | Train Loss: 0.0508741378 Val Loss: 0.6468848255 Best Loss: 0.3102715876
Epoch 264 | Train Loss: 0.0509271222 Val Loss: 0.6482782033 Best Loss: 0.3102715876
Epoch 265 | Train Loss: 0.0510074268 Val Loss: 0.6489845316 Best Loss: 0.3102715876
Epoch 266 | Train Loss: 0.0511676348 Val Loss: 0.6444630954 Best Loss: 0.3102715876
Epoch 267 | Train Loss: 0.0511397374 Val Loss: 0.6402416892 Best Loss: 0.3102715876
Epoch 268 | Train Loss: 0.0510370775 Val Loss: 0.6476159096 Best Loss: 0.3102715876
Epoch 269 | Train Loss: 0.0509714660 Val Loss: 0.6449442241 Best Loss: 0.3102715876
Epoch 270 | Train Loss: 0.0511090242 Val Loss: 0.6379923224 Best Loss: 0.3102715876
Epoch 271 | Train Loss: 0.0512137549 Val Loss: 0.6423208051 Best Loss: 0.3102715876
Epoch 272 | Train Loss: 0.0513228869 Val Loss: 0.6327242984 Best Loss: 0.3102715876
Epoch 273 | Train Loss: 0.0514253222 Val Loss: 0.6351820495 Best Loss: 0.3102715876
Epoch 274 | Train Loss: 0.0517595706 Val Loss: 0.6325158676 Best Loss: 0.3102715876
Epoch 275 | Train Loss: 0.0520158045 Val Loss: 0.6248569555 Best Loss: 0.3102715876
Epoch 276 | Train Loss: 0.0524826636 Val Loss: 0.6202770803 Best Loss: 0.3102715876
Epoch 277 | Train Loss: 0.0531310930 Val Loss: 0.6232394907 Best Loss: 0.3102715876
Epoch 278 | Train Loss: 0.0544886546 Val Loss: 0.6095579002 Best Loss: 0.3102715876
Epoch 279 | Train Loss: 0.0670079820 Val Loss: 0.5857465863 Best Loss: 0.3102715876
Epoch 280 | Train Loss: 0.0645084581 Val Loss: 0.5813636316 Best Loss: 0.3102715876
Epoch 281 | Train Loss: 0.0634815483 Val Loss: 0.5852039456 Best Loss: 0.3102715876
Epoch 282 | Train Loss: 0.0602728728 Val Loss: 0.5912422074 Best Loss: 0.3102715876
Epoch 283 | Train Loss: 0.0573650940 Val Loss: 0.6009845204 Best Loss: 0.3102715876
Epoch 284 | Train Loss: 0.0550115785 Val Loss: 0.6092531615 Best Loss: 0.3102715876
Epoch 285 | Train Loss: 0.0534780617 Val Loss: 0.6198484500 Best Loss: 0.3102715876
Epoch 286 | Train Loss: 0.0524319140 Val Loss: 0.6252694196 Best Loss: 0.3102715876
Epoch 287 | Train Loss: 0.0518310635 Val Loss: 0.6341088282 Best Loss: 0.3102715876
Epoch 288 | Train Loss: 0.0514263807 Val Loss: 0.6348223289 Best Loss: 0.3102715876
Epoch 289 | Train Loss: 0.0511651045 Val Loss: 0.6443138520 Best Loss: 0.3102715876
Epoch 290 | Train Loss: 0.0510205469 Val Loss: 0.6437271171 Best Loss: 0.3102715876
Epoch 291 | Train Loss: 0.0508978132 Val Loss: 0.6504657732 Best Loss: 0.3102715876
Epoch 292 | Train Loss: 0.0507695352 Val Loss: 0.6500519580 Best Loss: 0.3102715876
Epoch 293 | Train Loss: 0.0507756061 Val Loss: 0.6523754133 Best Loss: 0.3102715876
Epoch 294 | Train Loss: 0.0507667023 Val Loss: 0.6554823783 Best Loss: 0.3102715876
Epoch 295 | Train Loss: 0.0507004983 Val Loss: 0.6564762195 Best Loss: 0.3102715876
Epoch 296 | Train Loss: 0.0507051702 Val Loss: 0.6568381389 Best Loss: 0.3102715876
Epoch 297 | Train Loss: 0.0507142830 Val Loss: 0.6562445429 Best Loss: 0.3102715876
Epoch 298 | Train Loss: 0.0507238354 Val Loss: 0.6593350768 Best Loss: 0.3102715876
Epoch 299 | Train Loss: 0.0506992641 Val Loss: 0.6584221522 Best Loss: 0.3102715876
Epoch 300 | Train Loss: 0.0507178910 Val Loss: 0.6578671469 Best Loss: 0.3102715876
Epoch 301 | Train Loss: 0.0505966797 Val Loss: 0.6599457396 Best Loss: 0.3102715876
Epoch 302 | Train Loss: 0.0506079766 Val Loss: 0.6608841485 Best Loss: 0.3102715876
Epoch 303 | Train Loss: 0.0506046505 Val Loss: 0.6634262072 Best Loss: 0.3102715876
Epoch 304 | Train Loss: 0.0505876878 Val Loss: 0.6619632310 Best Loss: 0.3102715876
Epoch 305 | Train Loss: 0.0505963682 Val Loss: 0.6602582865 Best Loss: 0.3102715876
Epoch 306 | Train Loss: 0.0506593394 Val Loss: 0.6590267618 Best Loss: 0.3102715876
Epoch 307 | Train Loss: 0.0507007694 Val Loss: 0.6605371502 Best Loss: 0.3102715876
Epoch 308 | Train Loss: 0.0507099880 Val Loss: 0.6598759757 Best Loss: 0.3102715876
Epoch 309 | Train Loss: 0.0507654885 Val Loss: 0.6551884810 Best Loss: 0.3102715876
Epoch 310 | Train Loss: 0.0508809922 Val Loss: 0.6512932777 Best Loss: 0.3102715876
Epoch 311 | Train Loss: 0.0511814532 Val Loss: 0.6519690355 Best Loss: 0.3102715876
Epoch 312 | Train Loss: 0.0525608389 Val Loss: 0.6352116532 Best Loss: 0.3102715876
Epoch 313 | Train Loss: 0.0543177285 Val Loss: 0.6256326569 Best Loss: 0.3102715876
Epoch 314 | Train Loss: 0.0561455250 Val Loss: 0.6171945598 Best Loss: 0.3102715876
Epoch 315 | Train Loss: 0.0603122835 Val Loss: 0.6044117543 Best Loss: 0.3102715876
Epoch 316 | Train Loss: 0.0634454622 Val Loss: 0.5951728821 Best Loss: 0.3102715876
Epoch 317 | Train Loss: 0.0624901326 Val Loss: 0.5975289411 Best Loss: 0.3102715876
Epoch 318 | Train Loss: 0.0595238213 Val Loss: 0.6039730046 Best Loss: 0.3102715876
Epoch 319 | Train Loss: 0.0564249792 Val Loss: 0.6130048301 Best Loss: 0.3102715876
Epoch 320 | Train Loss: 0.0543495666 Val Loss: 0.6218175557 Best Loss: 0.3102715876
Epoch 321 | Train Loss: 0.0529864586 Val Loss: 0.6334372163 Best Loss: 0.3102715876
Epoch 322 | Train Loss: 0.0520140826 Val Loss: 0.6425537732 Best Loss: 0.3102715876
Epoch 323 | Train Loss: 0.0514729186 Val Loss: 0.6410059532 Best Loss: 0.3102715876
Epoch 324 | Train Loss: 0.0510515987 Val Loss: 0.6521571014 Best Loss: 0.3102715876
Epoch 325 | Train Loss: 0.0507951741 Val Loss: 0.6529774136 Best Loss: 0.3102715876
Epoch 326 | Train Loss: 0.0506616354 Val Loss: 0.6604403456 Best Loss: 0.3102715876
Epoch 327 | Train Loss: 0.0505992916 Val Loss: 0.6608193980 Best Loss: 0.3102715876
Epoch 328 | Train Loss: 0.0504811391 Val Loss: 0.6679267155 Best Loss: 0.3102715876
Epoch 329 | Train Loss: 0.0504581988 Val Loss: 0.6642332806 Best Loss: 0.3102715876
Epoch 330 | Train Loss: 0.0504133934 Val Loss: 0.6718017194 Best Loss: 0.3102715876
Epoch 331 | Train Loss: 0.0503585847 Val Loss: 0.6725504001 Best Loss: 0.3102715876
Epoch 332 | Train Loss: 0.0503593841 Val Loss: 0.6750322514 Best Loss: 0.3102715876
Epoch 333 | Train Loss: 0.0503286808 Val Loss: 0.6703140868 Best Loss: 0.3102715876
Epoch 334 | Train Loss: 0.0503389342 Val Loss: 0.6780844927 Best Loss: 0.3102715876
Epoch 335 | Train Loss: 0.0503093819 Val Loss: 0.6771849990 Best Loss: 0.3102715876
Epoch 336 | Train Loss: 0.0502506260 Val Loss: 0.6779857741 Best Loss: 0.3102715876
Epoch 337 | Train Loss: 0.0502879794 Val Loss: 0.6814507975 Best Loss: 0.3102715876
Epoch 338 | Train Loss: 0.0502664761 Val Loss: 0.6822013193 Best Loss: 0.3102715876
Epoch 339 | Train Loss: 0.0502650237 Val Loss: 0.6771792240 Best Loss: 0.3102715876
Epoch 340 | Train Loss: 0.0502596173 Val Loss: 0.6823385490 Best Loss: 0.3102715876
Epoch 341 | Train Loss: 0.0502542686 Val Loss: 0.6826884879 Best Loss: 0.3102715876
Epoch 342 | Train Loss: 0.0502314206 Val Loss: 0.6840277513 Best Loss: 0.3102715876
Epoch 343 | Train Loss: 0.0502471315 Val Loss: 0.6867511405 Best Loss: 0.3102715876
Epoch 344 | Train Loss: 0.0502146793 Val Loss: 0.6886028912 Best Loss: 0.3102715876
Epoch 345 | Train Loss: 0.0502157467 Val Loss: 0.6855085956 Best Loss: 0.3102715876
Epoch 346 | Train Loss: 0.0502117914 Val Loss: 0.6834354798 Best Loss: 0.3102715876
Epoch 347 | Train Loss: 0.0502454434 Val Loss: 0.6832953691 Best Loss: 0.3102715876
Epoch 348 | Train Loss: 0.0502264823 Val Loss: 0.6875720090 Best Loss: 0.3102715876
Epoch 349 | Train Loss: 0.0502705819 Val Loss: 0.6834356984 Best Loss: 0.3102715876
Epoch 350 | Train Loss: 0.0502997347 Val Loss: 0.6839129991 Best Loss: 0.3102715876
Epoch 351 | Train Loss: 0.0504030202 Val Loss: 0.6698866354 Best Loss: 0.3102715876
Epoch 352 | Train Loss: 0.1129678841 Val Loss: 0.3945681983 Best Loss: 0.3102715876
Epoch 353 | Train Loss: 0.2690265377 Val Loss: 0.4025150703 Best Loss: 0.3102715876
Epoch 354 | Train Loss: 0.1228210158 Val Loss: 0.5268387728 Best Loss: 0.3102715876
Epoch 355 | Train Loss: 0.0669661005 Val Loss: 0.5575505031 Best Loss: 0.3102715876
Epoch 356 | Train Loss: 0.0559342076 Val Loss: 0.5792260766 Best Loss: 0.3102715876
Epoch 357 | Train Loss: 0.0527638673 Val Loss: 0.5971680946 Best Loss: 0.3102715876
Epoch 358 | Train Loss: 0.0514383793 Val Loss: 0.6065364414 Best Loss: 0.3102715876
Epoch 359 | Train Loss: 0.0508618943 Val Loss: 0.6125190192 Best Loss: 0.3102715876
Epoch 360 | Train Loss: 0.0505688682 Val Loss: 0.6233038704 Best Loss: 0.3102715876
Epoch 361 | Train Loss: 0.0504187567 Val Loss: 0.6290663613 Best Loss: 0.3102715876
Epoch 362 | Train Loss: 0.0503043783 Val Loss: 0.6304374470 Best Loss: 0.3102715876
Epoch 363 | Train Loss: 0.0502549003 Val Loss: 0.6364818215 Best Loss: 0.3102715876
Epoch 364 | Train Loss: 0.0502084313 Val Loss: 0.6354038980 Best Loss: 0.3102715876
Epoch 365 | Train Loss: 0.0501473796 Val Loss: 0.6410253048 Best Loss: 0.3102715876
Epoch 366 | Train Loss: 0.0501562788 Val Loss: 0.6407823828 Best Loss: 0.3102715876
Epoch 367 | Train Loss: 0.0501255054 Val Loss: 0.6429130303 Best Loss: 0.3102715876
Epoch 368 | Train Loss: 0.0501188544 Val Loss: 0.6437351637 Best Loss: 0.3102715876
Epoch 369 | Train Loss: 0.0500526443 Val Loss: 0.6491751936 Best Loss: 0.3102715876
Epoch 370 | Train Loss: 0.0500539355 Val Loss: 0.6474292477 Best Loss: 0.3102715876
Epoch 371 | Train Loss: 0.0500467678 Val Loss: 0.6486254864 Best Loss: 0.3102715876
Epoch 372 | Train Loss: 0.0500146779 Val Loss: 0.6524386340 Best Loss: 0.3102715876
Epoch 373 | Train Loss: 0.0499981487 Val Loss: 0.6561254130 Best Loss: 0.3102715876
Epoch 374 | Train Loss: 0.0500094371 Val Loss: 0.6521188219 Best Loss: 0.3102715876
Epoch 375 | Train Loss: 0.0500230674 Val Loss: 0.6566345559 Best Loss: 0.3102715876
Epoch 376 | Train Loss: 0.0500005263 Val Loss: 0.6576862534 Best Loss: 0.3102715876
Epoch 377 | Train Loss: 0.0499749196 Val Loss: 0.6581236058 Best Loss: 0.3102715876
Epoch 378 | Train Loss: 0.0499700605 Val Loss: 0.6637020773 Best Loss: 0.3102715876
Epoch 379 | Train Loss: 0.1054187663 Val Loss: 0.5472171240 Best Loss: 0.3102715876
Epoch 380 | Train Loss: 0.0682062403 Val Loss: 0.5842676428 Best Loss: 0.3102715876
Epoch 381 | Train Loss: 0.0571848423 Val Loss: 0.5942698585 Best Loss: 0.3102715876
Epoch 382 | Train Loss: 0.0533920620 Val Loss: 0.6070011987 Best Loss: 0.3102715876
Epoch 383 | Train Loss: 0.0515388062 Val Loss: 0.6193436318 Best Loss: 0.3102715876
Epoch 384 | Train Loss: 0.0508585972 Val Loss: 0.6291098197 Best Loss: 0.3102715876
Epoch 385 | Train Loss: 0.0505121722 Val Loss: 0.6343351470 Best Loss: 0.3102715876
Epoch 386 | Train Loss: 0.0503509732 Val Loss: 0.6383274462 Best Loss: 0.3102715876
Epoch 387 | Train Loss: 0.0502514111 Val Loss: 0.6414373914 Best Loss: 0.3102715876
Epoch 388 | Train Loss: 0.0501975883 Val Loss: 0.6466907594 Best Loss: 0.3102715876
Epoch 389 | Train Loss: 0.0501201612 Val Loss: 0.6489521729 Best Loss: 0.3102715876
Epoch 390 | Train Loss: 0.0500723613 Val Loss: 0.6534930733 Best Loss: 0.3102715876
Epoch 391 | Train Loss: 0.0500345493 Val Loss: 0.6574398213 Best Loss: 0.3102715876
Epoch 392 | Train Loss: 0.0499899363 Val Loss: 0.6590870619 Best Loss: 0.3102715876
Epoch 393 | Train Loss: 0.0500061288 Val Loss: 0.6615815759 Best Loss: 0.3102715876
Epoch 394 | Train Loss: 0.0499971214 Val Loss: 0.6616774599 Best Loss: 0.3102715876
Epoch 395 | Train Loss: 0.0499996319 Val Loss: 0.6622610754 Best Loss: 0.3102715876
Epoch 396 | Train Loss: 0.0499213602 Val Loss: 0.6633352770 Best Loss: 0.3102715876
Epoch 397 | Train Loss: 0.0499558307 Val Loss: 0.6669972539 Best Loss: 0.3102715876
Epoch 398 | Train Loss: 0.0499904245 Val Loss: 0.6675953799 Best Loss: 0.3102715876
Epoch 399 | Train Loss: 0.0499665802 Val Loss: 0.6661123435 Best Loss: 0.3102715876
Epoch 400 | Train Loss: 0.0499526930 Val Loss: 0.6673319075 Best Loss: 0.3102715876
Epoch 401 | Train Loss: 0.0499988648 Val Loss: 0.6701242791 Best Loss: 0.3102715876
Epoch 402 | Train Loss: 0.0521582662 Val Loss: 0.6476000812 Best Loss: 0.3102715876
Epoch 403 | Train Loss: 0.0510860787 Val Loss: 0.6500420637 Best Loss: 0.3102715876
Epoch 404 | Train Loss: 0.0505189185 Val Loss: 0.6591240168 Best Loss: 0.3102715876
Epoch 405 | Train Loss: 0.0504005585 Val Loss: 0.6555835538 Best Loss: 0.3102715876
Epoch 406 | Train Loss: 0.0504090726 Val Loss: 0.6566497882 Best Loss: 0.3102715876
Epoch 407 | Train Loss: 0.0502816845 Val Loss: 0.6590755913 Best Loss: 0.3102715876
Epoch 408 | Train Loss: 0.0501992968 Val Loss: 0.6577767597 Best Loss: 0.3102715876
Epoch 409 | Train Loss: 0.0502137430 Val Loss: 0.6624690228 Best Loss: 0.3102715876
Epoch 410 | Train Loss: 0.0501646105 Val Loss: 0.6656710505 Best Loss: 0.3102715876
Epoch 411 | Train Loss: 0.0501801261 Val Loss: 0.6609330972 Best Loss: 0.3102715876
Epoch 412 | Train Loss: 0.0501822531 Val Loss: 0.6652924551 Best Loss: 0.3102715876
Epoch 413 | Train Loss: 0.0502449342 Val Loss: 0.6642148097 Best Loss: 0.3102715876
Epoch 414 | Train Loss: 0.0502812037 Val Loss: 0.6655206614 Best Loss: 0.3102715876
Epoch 415 | Train Loss: 0.0503692221 Val Loss: 0.6636478504 Best Loss: 0.3102715876
Epoch 416 | Train Loss: 0.0504509846 Val Loss: 0.6665677097 Best Loss: 0.3102715876
Epoch 417 | Train Loss: 0.0505150090 Val Loss: 0.6580692993 Best Loss: 0.3102715876
Epoch 418 | Train Loss: 0.0507334471 Val Loss: 0.6564627952 Best Loss: 0.3102715876
Epoch 419 | Train Loss: 0.0508870076 Val Loss: 0.6590290003 Best Loss: 0.3102715876
Epoch 420 | Train Loss: 0.0511158491 Val Loss: 0.6554260453 Best Loss: 0.3102715876
Epoch 421 | Train Loss: 0.0514828266 Val Loss: 0.6468218764 Best Loss: 0.3102715876
Epoch 422 | Train Loss: 0.0518787399 Val Loss: 0.6446444657 Best Loss: 0.3102715876
Epoch 423 | Train Loss: 0.0524976736 Val Loss: 0.6460121208 Best Loss: 0.3102715876
Epoch 424 | Train Loss: 0.0534760034 Val Loss: 0.6431661447 Best Loss: 0.3102715876
Epoch 425 | Train Loss: 0.0543952436 Val Loss: 0.6378193630 Best Loss: 0.3102715876
Epoch 426 | Train Loss: 0.0551038672 Val Loss: 0.6390143037 Best Loss: 0.3102715876
Epoch 427 | Train Loss: 0.0554268511 Val Loss: 0.6317027145 Best Loss: 0.3102715876
Epoch 428 | Train Loss: 0.0550539635 Val Loss: 0.6315941811 Best Loss: 0.3102715876
Epoch 429 | Train Loss: 0.0542573797 Val Loss: 0.6352403959 Best Loss: 0.3102715876
Epoch 430 | Train Loss: 0.0532206928 Val Loss: 0.6484734217 Best Loss: 0.3102715876
Epoch 431 | Train Loss: 0.0523605980 Val Loss: 0.6497324771 Best Loss: 0.3102715876
Epoch 432 | Train Loss: 0.0518038548 Val Loss: 0.6552372509 Best Loss: 0.3102715876
Epoch 433 | Train Loss: 0.0512717237 Val Loss: 0.6628017293 Best Loss: 0.3102715876
Epoch 434 | Train Loss: 0.0509356013 Val Loss: 0.6665169729 Best Loss: 0.3102715876
Epoch 435 | Train Loss: 0.0507234533 Val Loss: 0.6656343804 Best Loss: 0.3102715876
Epoch 436 | Train Loss: 0.0505647655 Val Loss: 0.6706892649 Best Loss: 0.3102715876
Epoch 437 | Train Loss: 0.0503719425 Val Loss: 0.6775432825 Best Loss: 0.3102715876
Epoch 438 | Train Loss: 0.0503056083 Val Loss: 0.6850208971 Best Loss: 0.3102715876
Epoch 439 | Train Loss: 0.0502489633 Val Loss: 0.6857578754 Best Loss: 0.3102715876
Epoch 440 | Train Loss: 0.0502189148 Val Loss: 0.6843495899 Best Loss: 0.3102715876
Epoch 441 | Train Loss: 0.0501566307 Val Loss: 0.6878957881 Best Loss: 0.3102715876
Epoch 442 | Train Loss: 0.0501028757 Val Loss: 0.6871106558 Best Loss: 0.3102715876
Epoch 443 | Train Loss: 0.0501007298 Val Loss: 0.6983395285 Best Loss: 0.3102715876
Epoch 444 | Train Loss: 0.0500493817 Val Loss: 0.6921341485 Best Loss: 0.3102715876
Epoch 445 | Train Loss: 0.0500755643 Val Loss: 0.6993891729 Best Loss: 0.3102715876
Epoch 446 | Train Loss: 0.0501296157 Val Loss: 0.6951985161 Best Loss: 0.3102715876
Epoch 447 | Train Loss: 0.0501894127 Val Loss: 0.6913845076 Best Loss: 0.3102715876
Epoch 448 | Train Loss: 0.0501939163 Val Loss: 0.6933433943 Best Loss: 0.3102715876
Epoch 449 | Train Loss: 0.0501089178 Val Loss: 0.6988035440 Best Loss: 0.3102715876
Epoch 450 | Train Loss: 0.0500644637 Val Loss: 0.7001561854 Best Loss: 0.3102715876
Epoch 451 | Train Loss: 0.0500027290 Val Loss: 0.7033804324 Best Loss: 0.3102715876
Epoch 452 | Train Loss: 0.0500242204 Val Loss: 0.7020532886 Best Loss: 0.3102715876
Epoch 453 | Train Loss: 0.0500166504 Val Loss: 0.7001207405 Best Loss: 0.3102715876
Epoch 454 | Train Loss: 0.0500604910 Val Loss: 0.7018830710 Best Loss: 0.3102715876
Epoch 455 | Train Loss: 0.0501105443 Val Loss: 0.6958940228 Best Loss: 0.3102715876
Epoch 456 | Train Loss: 0.0501515374 Val Loss: 0.7037134369 Best Loss: 0.3102715876
Epoch 457 | Train Loss: 0.0502935028 Val Loss: 0.6956129670 Best Loss: 0.3102715876
Epoch 458 | Train Loss: 0.0504848260 Val Loss: 0.6904843251 Best Loss: 0.3102715876
Epoch 459 | Train Loss: 0.0506921896 Val Loss: 0.6856873102 Best Loss: 0.3102715876
Epoch 460 | Train Loss: 0.0511220227 Val Loss: 0.6808560756 Best Loss: 0.3102715876
Epoch 461 | Train Loss: 0.0531409400 Val Loss: 0.6560366684 Best Loss: 0.3102715876
Epoch 462 | Train Loss: 0.0553268708 Val Loss: 0.6439314485 Best Loss: 0.3102715876
Epoch 463 | Train Loss: 0.0588610007 Val Loss: 0.6335177686 Best Loss: 0.3102715876
Epoch 464 | Train Loss: 0.0607370612 Val Loss: 0.6208881206 Best Loss: 0.3102715876
Epoch 465 | Train Loss: 0.0593550403 Val Loss: 0.6262745659 Best Loss: 0.3102715876
Epoch 466 | Train Loss: 0.0567552625 Val Loss: 0.6358140111 Best Loss: 0.3102715876
Epoch 467 | Train Loss: 0.0543281733 Val Loss: 0.6410424974 Best Loss: 0.3102715876
Epoch 468 | Train Loss: 0.0525122751 Val Loss: 0.6575994293 Best Loss: 0.3102715876
Epoch 469 | Train Loss: 0.0513337512 Val Loss: 0.6695351137 Best Loss: 0.3102715876
Epoch 470 | Train Loss: 0.0507237938 Val Loss: 0.6735440360 Best Loss: 0.3102715876
Epoch 471 | Train Loss: 0.0503471906 Val Loss: 0.6819642451 Best Loss: 0.3102715876
Epoch 472 | Train Loss: 0.0501913775 Val Loss: 0.6811490522 Best Loss: 0.3102715876
Epoch 473 | Train Loss: 0.0500212386 Val Loss: 0.6885315776 Best Loss: 0.3102715876
Epoch 474 | Train Loss: 0.0499372319 Val Loss: 0.6967823837 Best Loss: 0.3102715876
Epoch 475 | Train Loss: 0.0498930455 Val Loss: 0.7021184961 Best Loss: 0.3102715876
Epoch 476 | Train Loss: 0.0498619912 Val Loss: 0.7017922137 Best Loss: 0.3102715876
Epoch 477 | Train Loss: 0.0498523844 Val Loss: 0.7064073616 Best Loss: 0.3102715876
Epoch 478 | Train Loss: 0.0498675531 Val Loss: 0.7076587015 Best Loss: 0.3102715876
Epoch 479 | Train Loss: 0.0498332790 Val Loss: 0.7069320348 Best Loss: 0.3102715876
Epoch 480 | Train Loss: 0.0498548879 Val Loss: 0.7078940736 Best Loss: 0.3102715876
Epoch 481 | Train Loss: 0.0498578129 Val Loss: 0.7093955742 Best Loss: 0.3102715876
Epoch 482 | Train Loss: 0.0498336560 Val Loss: 0.7115629249 Best Loss: 0.3102715876
Epoch 483 | Train Loss: 0.0498408362 Val Loss: 0.7138494849 Best Loss: 0.3102715876
Epoch 484 | Train Loss: 0.0498033660 Val Loss: 0.7114914457 Best Loss: 0.3102715876
Epoch 485 | Train Loss: 0.0498278645 Val Loss: 0.7131327788 Best Loss: 0.3102715876
Epoch 486 | Train Loss: 0.0497907833 Val Loss: 0.7161065009 Best Loss: 0.3102715876
Epoch 487 | Train Loss: 0.0498187230 Val Loss: 0.7120411330 Best Loss: 0.3102715876
Epoch 488 | Train Loss: 0.0497875440 Val Loss: 0.7128317224 Best Loss: 0.3102715876
Epoch 489 | Train Loss: 0.0498141636 Val Loss: 0.7197147144 Best Loss: 0.3102715876
Epoch 490 | Train Loss: 0.0497841063 Val Loss: 0.7199946443 Best Loss: 0.3102715876
Epoch 491 | Train Loss: 0.0497799796 Val Loss: 0.7170981036 Best Loss: 0.3102715876
Epoch 492 | Train Loss: 0.0497937253 Val Loss: 0.7213389013 Best Loss: 0.3102715876
Epoch 493 | Train Loss: 0.0498022768 Val Loss: 0.7191789481 Best Loss: 0.3102715876
Epoch 494 | Train Loss: 0.0497755594 Val Loss: 0.7212260299 Best Loss: 0.3102715876
Epoch 495 | Train Loss: 0.0498154176 Val Loss: 0.7227184574 Best Loss: 0.3102715876
Epoch 496 | Train Loss: 0.0498064066 Val Loss: 0.7222003407 Best Loss: 0.3102715876
Epoch 497 | Train Loss: 0.0498182315 Val Loss: 0.7244333227 Best Loss: 0.3102715876
Epoch 498 | Train Loss: 0.0498172521 Val Loss: 0.7234564622 Best Loss: 0.3102715876
Epoch 499 | Train Loss: 0.0498087348 Val Loss: 0.7161637876 Best Loss: 0.3102715876
Epoch 500 | Train Loss: 0.0498776340 Val Loss: 0.7125974099 Best Loss: 0.3102715876
Saving to icd10_tokenizer_simple...
Done! Files saved.
